   1                             	r8	=	0xffef0
   2                             	r16	=	0xffee8
   3                             	r24	=	0xffee0
   4                             	r9	=	0xffef1
   5                             	r17	=	0xffee9
   6                             	r25	=	0xffee1
   7                             	r10	=	0xffef2
   8                             	r18	=	0xffeea
   9                             	r26	=	0xffee2
  10                             	r11	=	0xffef3
  11                             	r19	=	0xffeeb
  12                             	r27	=	0xffee3
  13                             	r12	=	0xffef4
  14                             	r20	=	0xffeec
  15                             	r28	=	0xffee4
  16                             	r13	=	0xffef5
  17                             	r21	=	0xffeed
  18                             	r29	=	0xffee5
  19                             	r14	=	0xffef6
  20                             	r22	=	0xffeee
  21                             	r30	=	0xffee6
  22                             	r15	=	0xffef7
  23                             	r23	=	0xffeef
  24                             	r31	=	0xffee7
  25                             	.text
  26                             	.Ltext0:
  27                             		.section	.rodata
  28                             	.LC0:
  29 0000 31 38 33 38 34 34 33 39 		.string	"18384439"
  29      00 
  30                             	.text
  31                             		.global	_main
  33                             	_main:
  34                             	.LFB0:
  35                             		.file 1 "../src/Prac4.c"
   1:../src/Prac4.c **** /***************************************************************/
   2:../src/Prac4.c **** /*                                                             */
   3:../src/Prac4.c **** /*      PROJECT NAME :  Prac4                                  */
   4:../src/Prac4.c **** /*      FILE         :  Prac4.c                                */
   5:../src/Prac4.c **** /*      DESCRIPTION  :  Main Program                           */
   6:../src/Prac4.c **** /*      CPU SERIES   :  RL78 - G13                             */
   7:../src/Prac4.c **** /*      CPU TYPE     :  R5F100LE                               */
   8:../src/Prac4.c **** /*                                                             */
   9:../src/Prac4.c **** /*      This file is generated by e2 studio.                   */
  10:../src/Prac4.c **** /*                                                             */
  11:../src/Prac4.c **** /***************************************************************/                                  
  12:../src/Prac4.c ****                                                                                             
  13:../src/Prac4.c ****                                                                                             
  14:../src/Prac4.c **** /************************************************************************/
  15:../src/Prac4.c **** /*    File Version: V1.00                                               */
  16:../src/Prac4.c **** /*    Date Generated: 10/09/2013                                        */
  17:../src/Prac4.c **** /************************************************************************/
  18:../src/Prac4.c **** 
  19:../src/Prac4.c **** #include "iodefine.h"
  20:../src/Prac4.c **** 
  21:../src/Prac4.c **** #ifdef CPPAPP
  22:../src/Prac4.c **** //Initialize global constructors
  23:../src/Prac4.c **** extern "C" void __main()
  24:../src/Prac4.c **** {
  25:../src/Prac4.c ****   static int initialized;
  26:../src/Prac4.c ****   if (! initialized)
  27:../src/Prac4.c ****     {
  28:../src/Prac4.c ****       typedef void (*pfunc) ();
  29:../src/Prac4.c ****       extern pfunc __ctors[];
  30:../src/Prac4.c ****       extern pfunc __ctors_end[];
  31:../src/Prac4.c ****       pfunc *p;
  32:../src/Prac4.c **** 
  33:../src/Prac4.c ****       initialized = 1;
  34:../src/Prac4.c ****       for (p = __ctors_end; p > __ctors; )
  35:../src/Prac4.c ****     (*--p) ();
  36:../src/Prac4.c **** 
  37:../src/Prac4.c ****     }
  38:../src/Prac4.c **** }
  39:../src/Prac4.c **** #endif 
  40:../src/Prac4.c **** 
  41:../src/Prac4.c **** int main(void)
  42:../src/Prac4.c **** {
  36                             		.loc 1 42 0
  37                             		; start of function
  38                             		; locals: 8 bytes
  39                             		; outgoing: 16 bytes
  40 0000 20 18                   		subw	sp, #24
  41                             	.LCFI0:
  42                             	.L2:
  43                             	.LBB2:
  43:../src/Prac4.c ****     // TODO: add application code here
  44:../src/Prac4.c **** 
  45:../src/Prac4.c **** 	extern int calculateUniuqeNumber(int a, int b, int c, int d, int e, int f, int g, int h);
  46:../src/Prac4.c **** 	extern int generate_checksum(char* c);
  47:../src/Prac4.c **** 	extern int validate_checksum(int a);
  48:../src/Prac4.c **** 
  49:../src/Prac4.c ****     while (1) {
  50:../src/Prac4.c ****     	int uniqueNumber = calculateUniqueNumber(1, 8, 3, 8, 4, 4, 3, 9);
  44                             		.loc 1 50 0 discriminator 1
  45 0002 E6                      		onew	ax
  46 0003 B8 00                   		movw	[sp], ax
  47 0005 30 08 00                		movw	ax, #8
  48 0008 B8 02                   		movw	[sp+2], ax
  49 000a 30 03 00                		movw	ax, #3
  50 000d B8 04                   		movw	[sp+4], ax
  51 000f 30 08 00                		movw	ax, #8
  52 0012 B8 06                   		movw	[sp+6], ax
  53 0014 30 04 00                		movw	ax, #4
  54 0017 B8 08                   		movw	[sp+8], ax
  55 0019 30 04 00                		movw	ax, #4
  56 001c B8 0A                   		movw	[sp+10], ax
  57 001e 30 03 00                		movw	ax, #3
  58 0021 B8 0C                   		movw	[sp+12], ax
  59 0023 30 09 00                		movw	ax, #9
  60 0026 B8 0E                   		movw	[sp+14], ax
  61 0028 FC 00 00 00             		call	!!%code(_calculateUniqueNumber)
  62 002c AD F0                   		movw	ax, r8
  63 002e B8 16                   		movw	[sp+22], ax
  51:../src/Prac4.c ****     	int checkSum = generate_checksum("18384439");
  64                             		.loc 1 51 0 discriminator 1
  65 0030 30 00 00                		movw	ax, #.LC0
  66 0033 B8 00                   		movw	[sp], ax
  67 0035 FC 00 00 00             		call	!!%code(_generate_checksum)
  68 0039 AD F0                   		movw	ax, r8
  69 003b B8 14                   		movw	[sp+20], ax
  52:../src/Prac4.c ****     	int valid = validate_checksum(checkSum);
  70                             		.loc 1 52 0 discriminator 1
  71 003d BD F0                   		movw	r8, ax
  72 003f B8 00                   		movw	[sp], ax
  73 0041 FC 00 00 00             		call	!!%code(_validate_checksum)
  74 0045 AD F0                   		movw	ax, r8
  75 0047 B8 12                   		movw	[sp+18], ax
  53:../src/Prac4.c ****     	int notValid = validate_checksum(checkSum+1);
  76                             		.loc 1 53 0 discriminator 1
  77 0049 A8 14                   		movw	ax, [sp+20]
  78 004b A1                      		incw	ax
  79 004c BD F0                   		movw	r8, ax
  80 004e B8 00                   		movw	[sp], ax
  81 0050 FC 00 00 00             		call	!!%code(_validate_checksum)
  82 0054 AD F0                   		movw	ax, r8
  83 0056 B8 10                   		movw	[sp+16], ax
  84                             	.LBE2:
  54:../src/Prac4.c ****     }
  85                             		.loc 1 54 0 discriminator 1
  86 0058 EC 02 00 00             		br	!!.L2
  87                             	.LFE0:
 119                             	.Letext0:
