
Memory Configuration

Name             Origin             Length             Attributes
VEC              0x00000000         0x00000004
IVEC             0x00000004         0x000000bc
OPT              0x000000c0         0x00000004
SEC_ID           0x000000c4         0x0000000a
OCDSTAD          0x000000ce         0x0000000a
OCDROM           0x0000fe00         0x00000200
ROM              0x000000d8         0x0000fd28
RAM              0x000fef00         0x00000fff
*default*        0x00000000         0xffffffff

Linker script and memory map


.vec            0x00000000        0x4
 *(.vec)
 .vec           0x00000000        0x4 ./src/vector_table.o
                0x00000000                HardwareVectors

.vects          0x00000004       0x7c
 *(.vects)
 .vects         0x00000004       0x7c ./src/vector_table.o
                0x00000004                Vectors

.option_bytes   0x000000c0        0x4
 *(.option_bytes)
 .option_bytes  0x000000c0        0x4 ./src/vector_table.o
                0x000000c0                Option_Bytes

.security_id    0x000000c4        0xa
 *(.security_id)
 .security_id   0x000000c4        0xa ./src/vector_table.o
                0x000000c4                Security_Id

.lowtext        0x000000d8       0xc0
 *(.plt)
 .plt           0x000000d8       0xc0 ./src/reset_program.o
 *(.lowtext)
                0x00000198                . = ALIGN (0x2)

.text           0x00000198      0x328
 *(.text)
 .text          0x00000198       0x4d ./src/Prac5.o
                0x00000198                main
 .text          0x000001e5       0x41 ./src/bubblesort.o
                0x000001e5                sort
 .text          0x00000226       0x4d ./src/findNumber.o
                0x00000226                populate_addresses
                0x0000024c                find_number
 .text          0x00000273        0x1 ./src/hardware_setup.o
                0x00000273                HardwareSetup
 .text          0x00000274      0x1ec ./src/interrupt_handlers.o
                0x00000274                INT_WDTI
                0x00000280                INT_LVI
                0x0000028c                INT_P0
                0x00000298                INT_P1
                0x000002a4                INT_P2
                0x000002b0                INT_P3
                0x000002bc                INT_P4
                0x000002c8                INT_P5
                0x000002d4                INT_ST2
                0x000002e0                INT_SR2
                0x000002ec                INT_SRE2
                0x000002f8                INT_DMA0
                0x00000304                INT_DMA1
                0x00000310                INT_ST0
                0x0000031c                INT_SR0
                0x00000328                INT_TM01H
                0x00000334                INT_ST1
                0x00000340                INT_SR1
                0x0000034c                INT_TM03H
                0x00000358                INT_IICA0
                0x00000364                INT_TM00
                0x00000370                INT_TM01
                0x0000037c                INT_TM02
                0x00000388                INT_TM03
                0x00000394                INT_AD
                0x000003a0                INT_RTC
                0x000003ac                INT_IT
                0x000003b8                INT_KR
                0x000003c4                INT_TM04
                0x000003d0                INT_TM05
                0x000003dc                INT_TM06
                0x000003e8                INT_TM07
                0x000003f4                INT_P6
                0x00000400                INT_P7
                0x0000040c                INT_P8
                0x00000418                INT_P9
                0x00000424                INT_P10
                0x00000430                INT_P11
                0x0000043c                INT_MD
                0x00000448                INT_FL
                0x00000454                INT_BRK_I
 .text          0x00000460       0x60 ./src/reset_program.o
                0x00000462                PowerON_Reset
 .text          0x000004c0        0x0 ./src/vector_table.o
 *(.text.*)
                0x000004c0                etext = .
                0x000004c0                . = ALIGN (0x2)

.init
 *(.init)

.fini
 *(.fini)

.got
 *(.got)
 *(.got.plt)

.rodata         0x00002000        0x0
                0x00002000                . = ALIGN (0x2)
 *(.rodata)
 *(.rodata.*)
                0x00002000                _erodata = .

.eh_frame_hdr
 *(.eh_frame_hdr)

.eh_frame
 *(.eh_frame)

.jcr
 *(.jcr)

.tors           0x000004c0        0x0
                0x000004c0                __CTOR_LIST__ = .
                0x000004c0                . = ALIGN (0x2)
                0x000004c0                ___ctors = .
 *(.ctors)
                0x000004c0                ___ctors_end = .
                0x000004c0                __CTOR_END__ = .
                0x000004c0                __DTOR_LIST__ = .
                0x000004c0                ___dtors = .
 *(.dtors)
                0x000004c0                ___dtors_end = .
                0x000004c0                __DTOR_END__ = .
                0x000004c0                . = ALIGN (0x2)
                0x000004c0                _mdata = .

.data           0x000fef00        0x0 load address 0x000004c0
                0x000fef00                . = ALIGN (0x2)
                0x000fef00                _data = .
 *(.data)
 .data          0x000fef00        0x0 ./src/Prac5.o
 .data          0x000fef00        0x0 ./src/bubblesort.o
 .data          0x000fef00        0x0 ./src/findNumber.o
 .data          0x000fef00        0x0 ./src/hardware_setup.o
 .data          0x000fef00        0x0 ./src/interrupt_handlers.o
 .data          0x000fef00        0x0 ./src/reset_program.o
 .data          0x000fef00        0x0 ./src/vector_table.o
 *(.data.*)
                0x000fef00                . = ALIGN (0x2)
                0x000fef00                _edata = .

.bss            0x000fef00        0x0 load address 0x000004c0
                0x000fef00                . = ALIGN (0x2)
                0x000fef00                _bss = .
 *(.bss)
 .bss           0x000fef00        0x0 ./src/Prac5.o
 .bss           0x000fef00        0x0 ./src/bubblesort.o
 .bss           0x000fef00        0x0 ./src/findNumber.o
 .bss           0x000fef00        0x0 ./src/hardware_setup.o
 .bss           0x000fef00        0x0 ./src/interrupt_handlers.o
 .bss           0x000fef00        0x0 ./src/reset_program.o
 .bss           0x000fef00        0x0 ./src/vector_table.o
 *(.bss.**)
                0x000fef00                . = ALIGN (0x2)
 *(COMMON)
                0x000fef00                . = ALIGN (0x2)
                0x000fef00                _ebss = .
                0x000fef00                _end = .

.stack          0x000ffe00        0x0
                0x000ffe00                _stack = .
LOAD ./src/Prac5.o
LOAD ./src/bubblesort.o
LOAD ./src/findNumber.o
LOAD ./src/hardware_setup.o
LOAD ./src/interrupt_handlers.o
LOAD ./src/reset_program.o
LOAD ./src/vector_table.o
START GROUP
LOAD C:\PROGRA~2\KPIT\GNURL7~1.01-\rl78-ELF/rl78-elf/lib\liboptm.a
LOAD C:\PROGRA~2\KPIT\GNURL7~1.01-\rl78-ELF/rl78-elf/lib\liboptc.a
LOAD C:\PROGRA~2\KPIT\GNURL7~1.01-\rl78-ELF/lib/gcc/rl78-elf/4.8-GNURL78_v14.01\libgcc.a
END GROUP
OUTPUT(Prac5.x elf32-rl78)

.debug_frame    0x00000000      0x770
 .debug_frame   0x00000000       0x2c ./src/Prac5.o
 .debug_frame   0x0000002c       0x24 ./src/hardware_setup.o
 .debug_frame   0x00000050      0x720 ./src/interrupt_handlers.o

.debug_info     0x00000000      0x6a2
 .debug_info    0x00000000       0xa2 ./src/Prac5.o
 .debug_info    0x000000a2       0xbb ./src/bubblesort.o
 .debug_info    0x0000015d       0xbb ./src/findNumber.o
 .debug_info    0x00000218       0x37 ./src/hardware_setup.o
 .debug_info    0x0000024f      0x2df ./src/interrupt_handlers.o
 .debug_info    0x0000052e       0xb3 ./src/reset_program.o
 .debug_info    0x000005e1       0xc1 ./src/vector_table.o

.debug_abbrev   0x00000000      0x14b
 .debug_abbrev  0x00000000       0x64 ./src/Prac5.o
 .debug_abbrev  0x00000064       0x14 ./src/bubblesort.o
 .debug_abbrev  0x00000078       0x14 ./src/findNumber.o
 .debug_abbrev  0x0000008c       0x2c ./src/hardware_setup.o
 .debug_abbrev  0x000000b8       0x2c ./src/interrupt_handlers.o
 .debug_abbrev  0x000000e4       0x14 ./src/reset_program.o
 .debug_abbrev  0x000000f8       0x53 ./src/vector_table.o

.debug_aranges  0x00000000       0xd8
 .debug_aranges
                0x00000000       0x20 ./src/Prac5.o
 .debug_aranges
                0x00000020       0x20 ./src/bubblesort.o
 .debug_aranges
                0x00000040       0x20 ./src/findNumber.o
 .debug_aranges
                0x00000060       0x20 ./src/hardware_setup.o
 .debug_aranges
                0x00000080       0x20 ./src/interrupt_handlers.o
 .debug_aranges
                0x000000a0       0x20 ./src/reset_program.o
 .debug_aranges
                0x000000c0       0x18 ./src/vector_table.o

.debug_line     0x00000000      0x2c2
 .debug_line    0x00000000       0x54 ./src/Prac5.o
 .debug_line    0x00000054       0x68 ./src/bubblesort.o
 .debug_line    0x000000bc       0x74 ./src/findNumber.o
 .debug_line    0x00000130       0x48 ./src/hardware_setup.o
 .debug_line    0x00000178       0x9c ./src/interrupt_handlers.o
 .debug_line    0x00000214       0x78 ./src/reset_program.o
 .debug_line    0x0000028c       0x36 ./src/vector_table.o

.debug_str      0x00000000      0x389
 .debug_str     0x00000000      0x14e ./src/Prac5.o
                                0x153 (size before relaxing)
 .debug_str     0x0000014e       0x8a ./src/hardware_setup.o
                                0x121 (size before relaxing)
 .debug_str     0x000001d8      0x169 ./src/interrupt_handlers.o
                                0x264 (size before relaxing)
 .debug_str     0x00000341       0x48 ./src/vector_table.o
                                0x159 (size before relaxing)

.comment        0x00000000       0x8b
 .comment       0x00000000       0x8b ./src/Prac5.o
                                 0x8c (size before relaxing)
 .comment       0x00000000       0x8c ./src/hardware_setup.o
 .comment       0x00000000       0x8c ./src/interrupt_handlers.o
 .comment       0x00000000       0x8c ./src/vector_table.o
