   1                             	r8	=	0xffef0
   2                             	r16	=	0xffee8
   3                             	r24	=	0xffee0
   4                             	r9	=	0xffef1
   5                             	r17	=	0xffee9
   6                             	r25	=	0xffee1
   7                             	r10	=	0xffef2
   8                             	r18	=	0xffeea
   9                             	r26	=	0xffee2
  10                             	r11	=	0xffef3
  11                             	r19	=	0xffeeb
  12                             	r27	=	0xffee3
  13                             	r12	=	0xffef4
  14                             	r20	=	0xffeec
  15                             	r28	=	0xffee4
  16                             	r13	=	0xffef5
  17                             	r21	=	0xffeed
  18                             	r29	=	0xffee5
  19                             	r14	=	0xffef6
  20                             	r22	=	0xffeee
  21                             	r30	=	0xffee6
  22                             	r15	=	0xffef7
  23                             	r23	=	0xffeef
  24                             	r31	=	0xffee7
  25                             	.text
  26                             	.Ltext0:
  27                             		.global	_adder
  29                             	_adder:
  30                             	.LFB0:
  31                             		.file 1 "../src/Prac2.c"
   1:../src/Prac2.c **** /***************************************************************/
   2:../src/Prac2.c **** /*                                                             */
   3:../src/Prac2.c **** /*      PROJECT NAME :  Prac2                                  */
   4:../src/Prac2.c **** /*      FILE         :  Prac2.c                                */
   5:../src/Prac2.c **** /*      DESCRIPTION  :  Main Program                           */
   6:../src/Prac2.c **** /*      CPU SERIES   :  RL78 - G13                             */
   7:../src/Prac2.c **** /*      CPU TYPE     :  R5F100LE                               */
   8:../src/Prac2.c **** /*                                                             */
   9:../src/Prac2.c **** /*      This file is generated by e2 studio.                   */
  10:../src/Prac2.c **** /*                                                             */
  11:../src/Prac2.c **** /***************************************************************/                                  
  12:../src/Prac2.c **** 
  13:../src/Prac2.c **** 
  14:../src/Prac2.c **** /************************************************************************/
  15:../src/Prac2.c **** /*    File Version: V1.00                                               */
  16:../src/Prac2.c **** /*    Date Generated: 10/09/2013                                        */
  17:../src/Prac2.c **** /************************************************************************/
  18:../src/Prac2.c **** /*
  19:../src/Prac2.c ****  * Author: Elan van Biljon - 18384439
  20:../src/Prac2.c ****  */
  21:../src/Prac2.c **** 
  22:../src/Prac2.c **** #include "iodefine.h"
  23:../src/Prac2.c **** #include "stdlib.h"
  24:../src/Prac2.c **** #include "stdio.h"
  25:../src/Prac2.c **** 
  26:../src/Prac2.c **** #ifdef CPPAPP
  27:../src/Prac2.c **** //Initialize global constructors
  28:../src/Prac2.c **** extern "C" void __main()
  29:../src/Prac2.c **** {
  30:../src/Prac2.c **** 	static int initialized;
  31:../src/Prac2.c **** 	if (! initialized)
  32:../src/Prac2.c **** 	{
  33:../src/Prac2.c **** 		typedef void (*pfunc) ();
  34:../src/Prac2.c **** 		extern pfunc __ctors[];
  35:../src/Prac2.c **** 		extern pfunc __ctors_end[];
  36:../src/Prac2.c **** 		pfunc *p;
  37:../src/Prac2.c **** 
  38:../src/Prac2.c **** 		initialized = 1;
  39:../src/Prac2.c **** 		for (p = __ctors_end; p > __ctors; )
  40:../src/Prac2.c **** 			(*--p) ();
  41:../src/Prac2.c **** 
  42:../src/Prac2.c **** 	}
  43:../src/Prac2.c **** }
  44:../src/Prac2.c **** #endif 
  45:../src/Prac2.c **** 
  46:../src/Prac2.c **** int adder(int a, int b, int c, int d)
  47:../src/Prac2.c **** {
  32                             		.loc 1 47 0
  33                             		; start of function
  34                             		; locals: 2 bytes
  35                             		; outgoing: 4 bytes
  36 0000 20 06                   		subw	sp, #6
  37                             	.LCFI0:
  48:../src/Prac2.c **** 	return adder2(adder2(a, b), adder2(c, d));
  38                             		.loc 1 48 0
  39 0002 A8 0A                   		movw	ax, [sp+10]
  40 0004 BD F0                   		movw	r8, ax
  41 0006 B8 00                   		movw	[sp], ax
  42 0008 A8 0C                   		movw	ax, [sp+12]
  43 000a BD F0                   		movw	r8, ax
  44 000c B8 02                   		movw	[sp+2], ax
  45 000e FC 00 00 00             		call	!!%code(_adder2)
  46 0012 AD F0                   		movw	ax, r8
  47 0014 B8 04                   		movw	[sp+4], ax
  48 0016 A8 0E                   		movw	ax, [sp+14]
  49 0018 BD F0                   		movw	r8, ax
  50 001a B8 00                   		movw	[sp], ax
  51 001c A8 10                   		movw	ax, [sp+16]
  52 001e BD F0                   		movw	r8, ax
  53 0020 B8 02                   		movw	[sp+2], ax
  54 0022 FC 00 00 00             		call	!!%code(_adder2)
  55 0026 A8 04                   		movw	ax, [sp+4]
  56 0028 BD F2                   		movw	r10, ax
  57 002a B8 00                   		movw	[sp], ax
  58 002c AD F0                   		movw	ax, r8
  59 002e B8 02                   		movw	[sp+2], ax
  60 0030 FC 00 00 00             		call	!!%code(_adder2)
  49:../src/Prac2.c **** }
  61                             		.loc 1 49 0
  62 0034 10 06                   		addw	sp, #6
  63 0036 D7                      		ret
  64                             	.LFE0:
  66                             		.global	_sentance
  67                             	.data
  70                             	_sentance:
  71 0000 6D 4F 45 54 20 56 45 52 		.string	"mOET VERKIESLIK TEEN vRYDAG @ 17:00 VOLTOOI WEES![{'ok'}]"
  71      4B 49 45 53 4C 49 4B 20 
  71      54 45 45 4E 20 76 52 59 
  71      44 41 47 20 40 20 31 37 
  71      3A 30 30 20 56 4F 4C 54 
  72                             	.text
  73                             		.global	_main
  75                             	_main:
  76                             	.LFB1:
  50:../src/Prac2.c **** 
  51:../src/Prac2.c **** extern int adder2(int a, int b);
  52:../src/Prac2.c **** extern int adder4(int a, int b, int c, int d);
  53:../src/Prac2.c **** 
  54:../src/Prac2.c **** extern char* changecase(char* sentance);
  55:../src/Prac2.c **** char sentance[] = "mOET VERKIESLIK TEEN vRYDAG @ 17:00 VOLTOOI WEES![{'ok'}]";
  56:../src/Prac2.c **** 
  57:../src/Prac2.c **** int main(void)
  58:../src/Prac2.c **** {
  77                             		.loc 1 58 0
  78                             		; start of function
  79                             		; locals: 4 bytes
  80                             		; outgoing: 8 bytes
  81 0037 20 0C                   		subw	sp, #12
  82                             	.LCFI1:
  59:../src/Prac2.c ****  	int answer = 0;
  83                             		.loc 1 59 0
  84 0039 F6                      		clrw	ax
  85 003a B8 0A                   		movw	[sp+10], ax
  86                             	.L4:
  60:../src/Prac2.c **** 	char* sent;
  61:../src/Prac2.c **** 	//int count = 0;
  62:../src/Prac2.c **** 	while(1)
  63:../src/Prac2.c **** 	{
  64:../src/Prac2.c **** 		answer = adder(10, answer, 4, 4);
  87                             		.loc 1 64 0 discriminator 1
  88 003c 30 0A 00                		movw	ax, #10
  89 003f B8 00                   		movw	[sp], ax
  90 0041 A8 0A                   		movw	ax, [sp+10]
  91 0043 BD F0                   		movw	r8, ax
  92 0045 B8 02                   		movw	[sp+2], ax
  93 0047 30 04 00                		movw	ax, #4
  94 004a B8 04                   		movw	[sp+4], ax
  95 004c 30 04 00                		movw	ax, #4
  96 004f B8 06                   		movw	[sp+6], ax
  97 0051 FC 00 00 00             		call	!!%code(_adder)
  98 0055 AD F0                   		movw	ax, r8
  99 0057 B8 0A                   		movw	[sp+10], ax
  65:../src/Prac2.c **** 		changecase(sentance);
 100                             		.loc 1 65 0 discriminator 1
 101 0059 30 00 00                		movw	ax, #_sentance
 102 005c B8 00                   		movw	[sp], ax
 103 005e FC 00 00 00             		call	!!%code(_changecase)
  66:../src/Prac2.c **** 		sent = sentance;
 104                             		.loc 1 66 0 discriminator 1
 105 0062 30 00 00                		movw	ax, #_sentance
 106 0065 B8 08                   		movw	[sp+8], ax
  67:../src/Prac2.c **** 		//printf("%d", answer);
  68:../src/Prac2.c **** 		// for(count = 0; count < 10000; count++);
  69:../src/Prac2.c **** 
  70:../src/Prac2.c **** 
  71:../src/Prac2.c **** 
  72:../src/Prac2.c **** 	}
 107                             		.loc 1 72 0 discriminator 1
 108 0067 EC 3C 00 00             		br	!!.L4
 109                             	.LFE1:
 153                             	.Letext0:
