Archive member included because of file (symbol)

C:\PROGRA~2\KPIT\GNURL7~1.01-\rl78-ELF/rl78-elf/lib\liboptm.a(log10.o)
                              ./src/r_main.o (log10)
C:\PROGRA~2\KPIT\GNURL7~1.01-\rl78-ELF/rl78-elf/lib\liboptm.a(log.o)
                              C:\PROGRA~2\KPIT\GNURL7~1.01-\rl78-ELF/rl78-elf/lib\liboptm.a(log10.o) (log)
C:\PROGRA~2\KPIT\GNURL7~1.01-\rl78-ELF/rl78-elf/lib\liboptm.a(daddexp.o)
                              C:\PROGRA~2\KPIT\GNURL7~1.01-\rl78-ELF/rl78-elf/lib\liboptm.a(log.o) (daddexp)
C:\PROGRA~2\KPIT\GNURL7~1.01-\rl78-ELF/rl78-elf/lib\liboptm.a(frexp.o)
                              C:\PROGRA~2\KPIT\GNURL7~1.01-\rl78-ELF/rl78-elf/lib\liboptm.a(log.o) (frexp)
C:\PROGRA~2\KPIT\GNURL7~1.01-\rl78-ELF/rl78-elf/lib\liboptm.a(dgetexp.o)
                              C:\PROGRA~2\KPIT\GNURL7~1.01-\rl78-ELF/rl78-elf/lib\liboptm.a(frexp.o) (dgetexp)
C:\PROGRA~2\KPIT\GNURL7~1.01-\rl78-ELF/rl78-elf/lib\liboptm.a(dnormexp.o)
                              C:\PROGRA~2\KPIT\GNURL7~1.01-\rl78-ELF/rl78-elf/lib\liboptm.a(frexp.o) (dnormexp)
C:\PROGRA~2\KPIT\GNURL7~1.01-\rl78-ELF/rl78-elf/lib\liboptc.a(errno.o)
                              C:\PROGRA~2\KPIT\GNURL7~1.01-\rl78-ELF/rl78-elf/lib\liboptm.a(log10.o) (errno)
C:\PROGRA~2\KPIT\GNURL7~1.01-\rl78-ELF/rl78-elf/lib\liboptc.a(newmalloc.o)
                              ./src/r_main.o (malloc)
C:\PROGRA~2\KPIT\GNURL7~1.01-\rl78-ELF/rl78-elf/lib\liboptc.a(sprintf.o)
                              ./src/r_main.o (sprintf)
C:\PROGRA~2\KPIT\GNURL7~1.01-\rl78-ELF/rl78-elf/lib\liboptc.a(frmwri.o)
                              C:\PROGRA~2\KPIT\GNURL7~1.01-\rl78-ELF/rl78-elf/lib\liboptc.a(sprintf.o) (_formatted_write)
C:\PROGRA~2\KPIT\GNURL7~1.01-\rl78-ELF/rl78-elf/lib\liboptc.a(newheap.o)
                              C:\PROGRA~2\KPIT\GNURL7~1.01-\rl78-ELF/rl78-elf/lib\liboptc.a(newmalloc.o) (_top_of_heap)
C:\PROGRA~2\KPIT\GNURL7~1.01-\rl78-ELF/lib/gcc/rl78-elf/4.8-GNURL78_v14.01\libgcc.a(_addsub_sf.o)
                              C:\PROGRA~2\KPIT\GNURL7~1.01-\rl78-ELF/rl78-elf/lib\liboptm.a(log.o) (__addsf3)
C:\PROGRA~2\KPIT\GNURL7~1.01-\rl78-ELF/lib/gcc/rl78-elf/4.8-GNURL78_v14.01\libgcc.a(_mul_sf.o)
                              C:\PROGRA~2\KPIT\GNURL7~1.01-\rl78-ELF/rl78-elf/lib\liboptm.a(log10.o) (__mulsf3)
C:\PROGRA~2\KPIT\GNURL7~1.01-\rl78-ELF/lib/gcc/rl78-elf/4.8-GNURL78_v14.01\libgcc.a(_div_sf.o)
                              C:\PROGRA~2\KPIT\GNURL7~1.01-\rl78-ELF/rl78-elf/lib\liboptm.a(log.o) (__divsf3)
C:\PROGRA~2\KPIT\GNURL7~1.01-\rl78-ELF/lib/gcc/rl78-elf/4.8-GNURL78_v14.01\libgcc.a(_eq_sf.o)
                              C:\PROGRA~2\KPIT\GNURL7~1.01-\rl78-ELF/rl78-elf/lib\liboptm.a(log10.o) (__eqsf2)
C:\PROGRA~2\KPIT\GNURL7~1.01-\rl78-ELF/lib/gcc/rl78-elf/4.8-GNURL78_v14.01\libgcc.a(_lt_sf.o)
                              C:\PROGRA~2\KPIT\GNURL7~1.01-\rl78-ELF/rl78-elf/lib\liboptm.a(log.o) (__ltsf2)
C:\PROGRA~2\KPIT\GNURL7~1.01-\rl78-ELF/lib/gcc/rl78-elf/4.8-GNURL78_v14.01\libgcc.a(_le_sf.o)
                              C:\PROGRA~2\KPIT\GNURL7~1.01-\rl78-ELF/rl78-elf/lib\liboptm.a(log10.o) (__lesf2)
C:\PROGRA~2\KPIT\GNURL7~1.01-\rl78-ELF/lib/gcc/rl78-elf/4.8-GNURL78_v14.01\libgcc.a(_si_to_sf.o)
                              ./src/r_main.o (__floatsisf)
C:\PROGRA~2\KPIT\GNURL7~1.01-\rl78-ELF/lib/gcc/rl78-elf/4.8-GNURL78_v14.01\libgcc.a(_sf_to_si.o)
                              ./src/r_main.o (__fixsfsi)
C:\PROGRA~2\KPIT\GNURL7~1.01-\rl78-ELF/lib/gcc/rl78-elf/4.8-GNURL78_v14.01\libgcc.a(_sf_to_df.o)
                              C:\PROGRA~2\KPIT\GNURL7~1.01-\rl78-ELF/rl78-elf/lib\liboptc.a(frmwri.o) (__extendsfdf2)
C:\PROGRA~2\KPIT\GNURL7~1.01-\rl78-ELF/lib/gcc/rl78-elf/4.8-GNURL78_v14.01\libgcc.a(_thenan_sf.o)
                              C:\PROGRA~2\KPIT\GNURL7~1.01-\rl78-ELF/lib/gcc/rl78-elf/4.8-GNURL78_v14.01\libgcc.a(_addsub_sf.o) (__thenan_sf)
C:\PROGRA~2\KPIT\GNURL7~1.01-\rl78-ELF/lib/gcc/rl78-elf/4.8-GNURL78_v14.01\libgcc.a(_addsub_df.o)
                              C:\PROGRA~2\KPIT\GNURL7~1.01-\rl78-ELF/rl78-elf/lib\liboptc.a(frmwri.o) (__subdf3)
C:\PROGRA~2\KPIT\GNURL7~1.01-\rl78-ELF/lib/gcc/rl78-elf/4.8-GNURL78_v14.01\libgcc.a(_mul_df.o)
                              C:\PROGRA~2\KPIT\GNURL7~1.01-\rl78-ELF/rl78-elf/lib\liboptc.a(frmwri.o) (__muldf3)
C:\PROGRA~2\KPIT\GNURL7~1.01-\rl78-ELF/lib/gcc/rl78-elf/4.8-GNURL78_v14.01\libgcc.a(_div_df.o)
                              C:\PROGRA~2\KPIT\GNURL7~1.01-\rl78-ELF/rl78-elf/lib\liboptc.a(frmwri.o) (__divdf3)
C:\PROGRA~2\KPIT\GNURL7~1.01-\rl78-ELF/lib/gcc/rl78-elf/4.8-GNURL78_v14.01\libgcc.a(_ne_df.o)
                              C:\PROGRA~2\KPIT\GNURL7~1.01-\rl78-ELF/rl78-elf/lib\liboptc.a(frmwri.o) (__nedf2)
C:\PROGRA~2\KPIT\GNURL7~1.01-\rl78-ELF/lib/gcc/rl78-elf/4.8-GNURL78_v14.01\libgcc.a(_ge_df.o)
                              C:\PROGRA~2\KPIT\GNURL7~1.01-\rl78-ELF/rl78-elf/lib\liboptc.a(frmwri.o) (__gedf2)
C:\PROGRA~2\KPIT\GNURL7~1.01-\rl78-ELF/lib/gcc/rl78-elf/4.8-GNURL78_v14.01\libgcc.a(_lt_df.o)
                              C:\PROGRA~2\KPIT\GNURL7~1.01-\rl78-ELF/rl78-elf/lib\liboptc.a(frmwri.o) (__ltdf2)
C:\PROGRA~2\KPIT\GNURL7~1.01-\rl78-ELF/lib/gcc/rl78-elf/4.8-GNURL78_v14.01\libgcc.a(_le_df.o)
                              C:\PROGRA~2\KPIT\GNURL7~1.01-\rl78-ELF/rl78-elf/lib\liboptc.a(frmwri.o) (__ledf2)
C:\PROGRA~2\KPIT\GNURL7~1.01-\rl78-ELF/lib/gcc/rl78-elf/4.8-GNURL78_v14.01\libgcc.a(_si_to_df.o)
                              C:\PROGRA~2\KPIT\GNURL7~1.01-\rl78-ELF/rl78-elf/lib\liboptc.a(frmwri.o) (__floatsidf)
C:\PROGRA~2\KPIT\GNURL7~1.01-\rl78-ELF/lib/gcc/rl78-elf/4.8-GNURL78_v14.01\libgcc.a(_df_to_si.o)
                              C:\PROGRA~2\KPIT\GNURL7~1.01-\rl78-ELF/rl78-elf/lib\liboptc.a(frmwri.o) (__fixdfsi)
C:\PROGRA~2\KPIT\GNURL7~1.01-\rl78-ELF/lib/gcc/rl78-elf/4.8-GNURL78_v14.01\libgcc.a(_make_df.o)
                              C:\PROGRA~2\KPIT\GNURL7~1.01-\rl78-ELF/lib/gcc/rl78-elf/4.8-GNURL78_v14.01\libgcc.a(_sf_to_df.o) (__make_dp)
C:\PROGRA~2\KPIT\GNURL7~1.01-\rl78-ELF/lib/gcc/rl78-elf/4.8-GNURL78_v14.01\libgcc.a(_thenan_df.o)
                              C:\PROGRA~2\KPIT\GNURL7~1.01-\rl78-ELF/lib/gcc/rl78-elf/4.8-GNURL78_v14.01\libgcc.a(_addsub_df.o) (__thenan_df)
C:\PROGRA~2\KPIT\GNURL7~1.01-\rl78-ELF/lib/gcc/rl78-elf/4.8-GNURL78_v14.01\libgcc.a(divmodsi.o)
                              C:\PROGRA~2\KPIT\GNURL7~1.01-\rl78-ELF/rl78-elf/lib\liboptc.a(frmwri.o) (__udivsi3)
C:\PROGRA~2\KPIT\GNURL7~1.01-\rl78-ELF/lib/gcc/rl78-elf/4.8-GNURL78_v14.01\libgcc.a(divmodhi.o)
                              C:\PROGRA~2\KPIT\GNURL7~1.01-\rl78-ELF/rl78-elf/lib\liboptc.a(frmwri.o) (__divhi3)
C:\PROGRA~2\KPIT\GNURL7~1.01-\rl78-ELF/lib/gcc/rl78-elf/4.8-GNURL78_v14.01\libgcc.a(_muldi3.o)
                              C:\PROGRA~2\KPIT\GNURL7~1.01-\rl78-ELF/lib/gcc/rl78-elf/4.8-GNURL78_v14.01\libgcc.a(_mul_sf.o) (__muldi3)
C:\PROGRA~2\KPIT\GNURL7~1.01-\rl78-ELF/lib/gcc/rl78-elf/4.8-GNURL78_v14.01\libgcc.a(_lshrdi3.o)
                              C:\PROGRA~2\KPIT\GNURL7~1.01-\rl78-ELF/lib/gcc/rl78-elf/4.8-GNURL78_v14.01\libgcc.a(_mul_sf.o) (__lshrdi3)
C:\PROGRA~2\KPIT\GNURL7~1.01-\rl78-ELF/lib/gcc/rl78-elf/4.8-GNURL78_v14.01\libgcc.a(_ashldi3.o)
                              C:\PROGRA~2\KPIT\GNURL7~1.01-\rl78-ELF/lib/gcc/rl78-elf/4.8-GNURL78_v14.01\libgcc.a(_sf_to_df.o) (__ashldi3)
C:\PROGRA~2\KPIT\GNURL7~1.01-\rl78-ELF/lib/gcc/rl78-elf/4.8-GNURL78_v14.01\libgcc.a(_clzsi2.o)
                              C:\PROGRA~2\KPIT\GNURL7~1.01-\rl78-ELF/lib/gcc/rl78-elf/4.8-GNURL78_v14.01\libgcc.a(_si_to_sf.o) (__clzsi2)
C:\PROGRA~2\KPIT\GNURL7~1.01-\rl78-ELF/lib/gcc/rl78-elf/4.8-GNURL78_v14.01\libgcc.a(_pack_sf.o)
                              C:\PROGRA~2\KPIT\GNURL7~1.01-\rl78-ELF/lib/gcc/rl78-elf/4.8-GNURL78_v14.01\libgcc.a(_addsub_sf.o) (__pack_f)
C:\PROGRA~2\KPIT\GNURL7~1.01-\rl78-ELF/lib/gcc/rl78-elf/4.8-GNURL78_v14.01\libgcc.a(_unpack_sf.o)
                              C:\PROGRA~2\KPIT\GNURL7~1.01-\rl78-ELF/lib/gcc/rl78-elf/4.8-GNURL78_v14.01\libgcc.a(_addsub_sf.o) (__unpack_f)
C:\PROGRA~2\KPIT\GNURL7~1.01-\rl78-ELF/lib/gcc/rl78-elf/4.8-GNURL78_v14.01\libgcc.a(_fpcmp_parts_sf.o)
                              C:\PROGRA~2\KPIT\GNURL7~1.01-\rl78-ELF/lib/gcc/rl78-elf/4.8-GNURL78_v14.01\libgcc.a(_eq_sf.o) (__fpcmp_parts_f)
C:\PROGRA~2\KPIT\GNURL7~1.01-\rl78-ELF/lib/gcc/rl78-elf/4.8-GNURL78_v14.01\libgcc.a(_pack_df.o)
                              C:\PROGRA~2\KPIT\GNURL7~1.01-\rl78-ELF/lib/gcc/rl78-elf/4.8-GNURL78_v14.01\libgcc.a(_addsub_df.o) (__pack_d)
C:\PROGRA~2\KPIT\GNURL7~1.01-\rl78-ELF/lib/gcc/rl78-elf/4.8-GNURL78_v14.01\libgcc.a(_unpack_df.o)
                              C:\PROGRA~2\KPIT\GNURL7~1.01-\rl78-ELF/lib/gcc/rl78-elf/4.8-GNURL78_v14.01\libgcc.a(_addsub_df.o) (__unpack_d)
C:\PROGRA~2\KPIT\GNURL7~1.01-\rl78-ELF/lib/gcc/rl78-elf/4.8-GNURL78_v14.01\libgcc.a(_fpcmp_parts_df.o)
                              C:\PROGRA~2\KPIT\GNURL7~1.01-\rl78-ELF/lib/gcc/rl78-elf/4.8-GNURL78_v14.01\libgcc.a(_ne_df.o) (__fpcmp_parts_d)
C:\PROGRA~2\KPIT\GNURL7~1.01-\rl78-ELF/lib/gcc/rl78-elf/4.8-GNURL78_v14.01\libgcc.a(mulsi3.o)
                              C:\PROGRA~2\KPIT\GNURL7~1.01-\rl78-ELF/lib/gcc/rl78-elf/4.8-GNURL78_v14.01\libgcc.a(_muldi3.o) (__mulsi3)
C:\PROGRA~2\KPIT\GNURL7~1.01-\rl78-ELF/lib/gcc/rl78-elf/4.8-GNURL78_v14.01\libgcc.a(_clz.o)
                              C:\PROGRA~2\KPIT\GNURL7~1.01-\rl78-ELF/lib/gcc/rl78-elf/4.8-GNURL78_v14.01\libgcc.a(_clzsi2.o) (__clz_tab)

Allocating common symbols
Common symbol       size              file

uart2RxErrFlag      0x1               ./src/r_main.o
uart2TxBuf          0x10              ./src/r_main.o
uart2TxFlag         0x1               ./src/r_main.o
g_uart2_rx_count    0x2               ./src/r_cg_serial.o
uart2RxOvrFlag      0x1               ./src/r_main.o
gp_uart2_rx_address
                    0x2               ./src/r_cg_serial.o
uart2RxCnt          0x2               ./src/r_main.o
ADC_Read            0x1               ./src/r_main.o
adc_done_flag       0x1               ./src/r_main.o
g_uart2_tx_count    0x2               ./src/r_cg_serial.o
gp_uart2_tx_address
                    0x2               ./src/r_cg_serial.o
uart2Status         0x2               ./src/r_main.o
uart2RxBuf          0x10              ./src/r_main.o
errno               0x2               C:\PROGRA~2\KPIT\GNURL7~1.01-\rl78-ELF/rl78-elf/lib\liboptc.a(errno.o)
uart2TxCnt          0x2               ./src/r_main.o
g_uart2_rx_length   0x2               ./src/r_cg_serial.o
uart2RxFlag         0x1               ./src/r_main.o

Memory Configuration

Name             Origin             Length             Attributes
VEC              0x00000000         0x00000004
IVEC             0x00000004         0x000000bc
OPT              0x000000c0         0x00000004
SEC_ID           0x000000c4         0x0000000a
OCDSTAD          0x000000ce         0x0000000a
OCDROM           0x0000fe00         0x00000200
ROM              0x000000d8         0x0000fd28
RAM              0x000fef00         0x00000fff
*default*        0x00000000         0xffffffff

Linker script and memory map


.vec            0x00000000        0x4
 *(.vec)
 .vec           0x00000000        0x4 ./src/r_cg_vector_table.o
                0x00000000                HardwareVectors

.vects          0x00000004       0x7c
 *(.vects)
 .vects         0x00000004       0x7c ./src/r_cg_vector_table.o
                0x00000004                Vectors

.lowtext        0x000000d8       0xa8
 *(.plt)
 .plt           0x000000d8       0xa8 ./src/r_cg_adc_user.o
 *(.lowtext)
                0x00000180                . = ALIGN (0x2)

.text           0x00000180     0xbfb0
 *(.text)
 .text          0x00000180      0x202 ./src/r_cg_adc.o
                0x00000180                R_ADC_Create
                0x0000029b                R_ADC_Start
                0x000002e7                R_ADC_Stop
                0x00000333                R_ADC_Set_OperationOn
                0x0000034d                R_ADC_Set_OperationOff
                0x00000367                R_ADC_Get_Result_8bit
 .text          0x00000382        0xf ./src/r_cg_adc_user.o
                0x00000382                r_adc_interrupt
 .text          0x00000391       0x9b ./src/r_cg_cgc.o
                0x00000391                R_CGC_Create
 .text          0x0000042c       0x14 ./src/r_cg_cgc_user.o
                0x0000042c                R_CGC_Get_ResetSource
 .text          0x00000440       0x2c ./src/r_cg_port.o
                0x00000440                R_PORT_Create
 .text          0x0000046c        0x0 ./src/r_cg_port_user.o
 .text          0x0000046c      0x535 ./src/r_cg_serial.o
                0x0000046c                R_SAU1_Create
                0x0000049e                R_UART2_Create
                0x00000733                R_UART2_Start
                0x00000816                R_UART2_Stop
                0x000008cf                R_UART2_Receive
                0x00000905                R_UART2_Send
 .text          0x000009a1      0x163 ./src/r_cg_serial_user.o
                0x000009a1                r_uart2_interrupt_receive
                0x00000a80                r_uart2_interrupt_send
 .text          0x00000b04      0x3b2 ./src/r_cg_timer.o
                0x00000b04                R_TAU0_Create
                0x00000e00                R_TAU0_Channel0_Start
                0x00000e5b                R_TAU0_Channel0_Stop
 .text          0x00000eb6       0x36 ./src/r_cg_timer_user.o
                0x00000eb6                r_tau0_channel0_interrupt
 .text          0x00000eec        0xc ./src/r_cg_vector_table.o
                0x00000eec                R_Dummy
 .text          0x00000ef8       0x46 ./src/r_hardware_setup.o
                0x00000ef8                R_Systeminit
                0x00000f2d                HardwareSetup
 .text          0x00000f3e      0x352 ./src/r_main.o
                0x00000f3e                main
                0x0000112c                R_MAIN_UserInit
                0x00001130                convertToNum
 .text          0x00001290       0x60 ./src/r_reset_program.o
                0x00001292                PowerON_Reset
 .text          0x000012f0      0x14d C:\PROGRA~2\KPIT\GNURL7~1.01-\rl78-ELF/rl78-elf/lib\liboptm.a(log10.o)
                0x000012f0                log10
 .text          0x0000143d      0x65d C:\PROGRA~2\KPIT\GNURL7~1.01-\rl78-ELF/rl78-elf/lib\liboptm.a(log.o)
                0x0000143d                log
 .text          0x00001a9a       0x9c C:\PROGRA~2\KPIT\GNURL7~1.01-\rl78-ELF/rl78-elf/lib\liboptm.a(daddexp.o)
                0x00001a9a                daddexp
 .text          0x00001b36       0xf3 C:\PROGRA~2\KPIT\GNURL7~1.01-\rl78-ELF/rl78-elf/lib\liboptm.a(frexp.o)
                0x00001b36                frexp
 .text          0x00001c29       0x1b C:\PROGRA~2\KPIT\GNURL7~1.01-\rl78-ELF/rl78-elf/lib\liboptm.a(dgetexp.o)
                0x00001c29                dgetexp
 .text          0x00001c44       0x80 C:\PROGRA~2\KPIT\GNURL7~1.01-\rl78-ELF/rl78-elf/lib\liboptm.a(dnormexp.o)
                0x00001c44                dnormexp
 .text          0x00001cc4        0x0 C:\PROGRA~2\KPIT\GNURL7~1.01-\rl78-ELF/rl78-elf/lib\liboptc.a(errno.o)
 .text          0x00001cc4      0x148 C:\PROGRA~2\KPIT\GNURL7~1.01-\rl78-ELF/rl78-elf/lib\liboptc.a(newmalloc.o)
                0x00001cc4                _make_new_mem_hole
                0x00001cf0                malloc
 .text          0x00001e0c       0x3f C:\PROGRA~2\KPIT\GNURL7~1.01-\rl78-ELF/rl78-elf/lib\liboptc.a(sprintf.o)
                0x00001e21                sprintf
 .text          0x00001e4b     0x17b0 C:\PROGRA~2\KPIT\GNURL7~1.01-\rl78-ELF/rl78-elf/lib\liboptc.a(frmwri.o)
                0x00001e4b                _formatted_write
 .text          0x000035fb        0x5 C:\PROGRA~2\KPIT\GNURL7~1.01-\rl78-ELF/rl78-elf/lib\liboptc.a(newheap.o)
                0x000035fb                _top_of_heap
 .text          0x00003600      0x6eb C:\PROGRA~2\KPIT\GNURL7~1.01-\rl78-ELF/lib/gcc/rl78-elf/4.8-GNURL78_v14.01\libgcc.a(_addsub_sf.o)
                0x00003b95                __addsf3
                0x00003c3a                __subsf3
 .text          0x00003ceb      0x408 C:\PROGRA~2\KPIT\GNURL7~1.01-\rl78-ELF/lib/gcc/rl78-elf/4.8-GNURL78_v14.01\libgcc.a(_mul_sf.o)
                0x00003ceb                __mulsf3
 .text          0x000040f3      0x279 C:\PROGRA~2\KPIT\GNURL7~1.01-\rl78-ELF/lib/gcc/rl78-elf/4.8-GNURL78_v14.01\libgcc.a(_div_sf.o)
                0x000040f3                __divsf3
 .text          0x0000436c       0xa7 C:\PROGRA~2\KPIT\GNURL7~1.01-\rl78-ELF/lib/gcc/rl78-elf/4.8-GNURL78_v14.01\libgcc.a(_eq_sf.o)
                0x0000436c                __eqsf2
 .text          0x00004413       0xa7 C:\PROGRA~2\KPIT\GNURL7~1.01-\rl78-ELF/lib/gcc/rl78-elf/4.8-GNURL78_v14.01\libgcc.a(_lt_sf.o)
                0x00004413                __ltsf2
 .text          0x000044ba       0xa7 C:\PROGRA~2\KPIT\GNURL7~1.01-\rl78-ELF/lib/gcc/rl78-elf/4.8-GNURL78_v14.01\libgcc.a(_le_sf.o)
                0x000044ba                __lesf2
 .text          0x00004561      0x139 C:\PROGRA~2\KPIT\GNURL7~1.01-\rl78-ELF/lib/gcc/rl78-elf/4.8-GNURL78_v14.01\libgcc.a(_si_to_sf.o)
                0x00004561                __floatsisf
 .text          0x0000469a      0x10d C:\PROGRA~2\KPIT\GNURL7~1.01-\rl78-ELF/lib/gcc/rl78-elf/4.8-GNURL78_v14.01\libgcc.a(_sf_to_si.o)
                0x0000469a                __fixsfsi
 .text          0x000047a7      0x13a C:\PROGRA~2\KPIT\GNURL7~1.01-\rl78-ELF/lib/gcc/rl78-elf/4.8-GNURL78_v14.01\libgcc.a(_sf_to_df.o)
                0x000047a7                __extendsfdf2
 .text          0x000048e1        0x0 C:\PROGRA~2\KPIT\GNURL7~1.01-\rl78-ELF/lib/gcc/rl78-elf/4.8-GNURL78_v14.01\libgcc.a(_thenan_sf.o)
 .text          0x000048e1     0x2189 C:\PROGRA~2\KPIT\GNURL7~1.01-\rl78-ELF/lib/gcc/rl78-elf/4.8-GNURL78_v14.01\libgcc.a(_addsub_df.o)
                0x00006830                __adddf3
                0x00006947                __subdf3
 .text          0x00006a6a     0x1704 C:\PROGRA~2\KPIT\GNURL7~1.01-\rl78-ELF/lib/gcc/rl78-elf/4.8-GNURL78_v14.01\libgcc.a(_mul_df.o)
                0x00006a6a                __muldf3
 .text          0x0000816e      0xc4f C:\PROGRA~2\KPIT\GNURL7~1.01-\rl78-ELF/lib/gcc/rl78-elf/4.8-GNURL78_v14.01\libgcc.a(_div_df.o)
                0x0000816e                __divdf3
 .text          0x00008dbd       0xe7 C:\PROGRA~2\KPIT\GNURL7~1.01-\rl78-ELF/lib/gcc/rl78-elf/4.8-GNURL78_v14.01\libgcc.a(_ne_df.o)
                0x00008dbd                __nedf2
 .text          0x00008ea4       0xe7 C:\PROGRA~2\KPIT\GNURL7~1.01-\rl78-ELF/lib/gcc/rl78-elf/4.8-GNURL78_v14.01\libgcc.a(_ge_df.o)
                0x00008ea4                __gedf2
 .text          0x00008f8b       0xe7 C:\PROGRA~2\KPIT\GNURL7~1.01-\rl78-ELF/lib/gcc/rl78-elf/4.8-GNURL78_v14.01\libgcc.a(_lt_df.o)
                0x00008f8b                __ltdf2
 .text          0x00009072       0xe7 C:\PROGRA~2\KPIT\GNURL7~1.01-\rl78-ELF/lib/gcc/rl78-elf/4.8-GNURL78_v14.01\libgcc.a(_le_df.o)
                0x00009072                __ledf2
 .text          0x00009159      0x1e1 C:\PROGRA~2\KPIT\GNURL7~1.01-\rl78-ELF/lib/gcc/rl78-elf/4.8-GNURL78_v14.01\libgcc.a(_si_to_df.o)
                0x00009159                __floatsidf
 .text          0x0000933a      0x15f C:\PROGRA~2\KPIT\GNURL7~1.01-\rl78-ELF/lib/gcc/rl78-elf/4.8-GNURL78_v14.01\libgcc.a(_df_to_si.o)
                0x0000933a                __fixdfsi
 .text          0x00009499       0x9d C:\PROGRA~2\KPIT\GNURL7~1.01-\rl78-ELF/lib/gcc/rl78-elf/4.8-GNURL78_v14.01\libgcc.a(_make_df.o)
                0x00009499                __make_dp
 .text          0x00009536        0x0 C:\PROGRA~2\KPIT\GNURL7~1.01-\rl78-ELF/lib/gcc/rl78-elf/4.8-GNURL78_v14.01\libgcc.a(_thenan_df.o)
 .text          0x00009536      0x391 C:\PROGRA~2\KPIT\GNURL7~1.01-\rl78-ELF/lib/gcc/rl78-elf/4.8-GNURL78_v14.01\libgcc.a(divmodsi.o)
                0x00009772                __udivsi3
                0x00009776                __umodsi3
                0x0000977a                __divsi3
                0x00009823                __modsi3
 .text          0x000098c7      0x19e C:\PROGRA~2\KPIT\GNURL7~1.01-\rl78-ELF/lib/gcc/rl78-elf/4.8-GNURL78_v14.01\libgcc.a(divmodhi.o)
                0x00009980                __udivhi3
                0x00009984                __umodhi3
                0x00009988                __divhi3
                0x000099fa                __modhi3
 .text          0x00009a65      0x2d0 C:\PROGRA~2\KPIT\GNURL7~1.01-\rl78-ELF/lib/gcc/rl78-elf/4.8-GNURL78_v14.01\libgcc.a(_muldi3.o)
                0x00009a65                __muldi3
 .text          0x00009d35      0x1e7 C:\PROGRA~2\KPIT\GNURL7~1.01-\rl78-ELF/lib/gcc/rl78-elf/4.8-GNURL78_v14.01\libgcc.a(_lshrdi3.o)
                0x00009d35                __lshrdi3
 .text          0x00009f1c      0x1cd C:\PROGRA~2\KPIT\GNURL7~1.01-\rl78-ELF/lib/gcc/rl78-elf/4.8-GNURL78_v14.01\libgcc.a(_ashldi3.o)
                0x00009f1c                __ashldi3
 .text          0x0000a0e9       0xdd C:\PROGRA~2\KPIT\GNURL7~1.01-\rl78-ELF/lib/gcc/rl78-elf/4.8-GNURL78_v14.01\libgcc.a(_clzsi2.o)
                0x0000a0e9                __clzsi2
 .text          0x0000a1c6      0x389 C:\PROGRA~2\KPIT\GNURL7~1.01-\rl78-ELF/lib/gcc/rl78-elf/4.8-GNURL78_v14.01\libgcc.a(_pack_sf.o)
                0x0000a1c6                __pack_f
 .text          0x0000a54f      0x183 C:\PROGRA~2\KPIT\GNURL7~1.01-\rl78-ELF/lib/gcc/rl78-elf/4.8-GNURL78_v14.01\libgcc.a(_unpack_sf.o)
                0x0000a54f                __unpack_f
 .text          0x0000a6d2      0x152 C:\PROGRA~2\KPIT\GNURL7~1.01-\rl78-ELF/lib/gcc/rl78-elf/4.8-GNURL78_v14.01\libgcc.a(_fpcmp_parts_sf.o)
                0x0000a6d2                __fpcmp_parts_f
 .text          0x0000a824     0x111d C:\PROGRA~2\KPIT\GNURL7~1.01-\rl78-ELF/lib/gcc/rl78-elf/4.8-GNURL78_v14.01\libgcc.a(_pack_df.o)
                0x0000a824                __pack_d
 .text          0x0000b941      0x470 C:\PROGRA~2\KPIT\GNURL7~1.01-\rl78-ELF/lib/gcc/rl78-elf/4.8-GNURL78_v14.01\libgcc.a(_unpack_df.o)
                0x0000b941                __unpack_d
 .text          0x0000bdb1      0x2aa C:\PROGRA~2\KPIT\GNURL7~1.01-\rl78-ELF/lib/gcc/rl78-elf/4.8-GNURL78_v14.01\libgcc.a(_fpcmp_parts_df.o)
                0x0000bdb1                __fpcmp_parts_d
 .text          0x0000c05b       0xd4 C:\PROGRA~2\KPIT\GNURL7~1.01-\rl78-ELF/lib/gcc/rl78-elf/4.8-GNURL78_v14.01\libgcc.a(mulsi3.o)
                0x0000c05c                __mulsi3
                0x0000c103                __mulhi3
 .text          0x0000c12f        0x0 C:\PROGRA~2\KPIT\GNURL7~1.01-\rl78-ELF/lib/gcc/rl78-elf/4.8-GNURL78_v14.01\libgcc.a(_clz.o)
 *(.text.*)
                0x0000c12f                etext = .
                0x0000c130                . = ALIGN (0x2)
 *fill*         0x0000c12f        0x1 

.init
 *(.init)

.fini
 *(.fini)

.got
 *(.got)
 *(.got.plt)

.rodata         0x0000c130      0x150
                0x0000c130                . = ALIGN (0x2)
 *(.rodata)
 .rodata        0x0000c130        0x3 ./src/r_main.o
 .rodata        0x0000c133       0x35 C:\PROGRA~2\KPIT\GNURL7~1.01-\rl78-ELF/rl78-elf/lib\liboptc.a(frmwri.o)
 .rodata        0x0000c168        0xa C:\PROGRA~2\KPIT\GNURL7~1.01-\rl78-ELF/lib/gcc/rl78-elf/4.8-GNURL78_v14.01\libgcc.a(_thenan_sf.o)
                0x0000c168                __thenan_sf
 .rodata        0x0000c172        0xe C:\PROGRA~2\KPIT\GNURL7~1.01-\rl78-ELF/lib/gcc/rl78-elf/4.8-GNURL78_v14.01\libgcc.a(_thenan_df.o)
                0x0000c172                __thenan_df
 .rodata        0x0000c180      0x100 C:\PROGRA~2\KPIT\GNURL7~1.01-\rl78-ELF/lib/gcc/rl78-elf/4.8-GNURL78_v14.01\libgcc.a(_clz.o)
                0x0000c180                __clz_tab
 *(.rodata.*)
                0x0000c280                _erodata = .

.eh_frame_hdr
 *(.eh_frame_hdr)

.eh_frame
 *(.eh_frame)

.jcr
 *(.jcr)

.tors           0x0000c280        0x0
                0x0000c280                __CTOR_LIST__ = .
                0x0000c280                . = ALIGN (0x2)
                0x0000c280                ___ctors = .
 *(.ctors)
                0x0000c280                ___ctors_end = .
                0x0000c280                __CTOR_END__ = .
                0x0000c280                __DTOR_LIST__ = .
                0x0000c280                ___dtors = .
 *(.dtors)
                0x0000c280                ___dtors_end = .
                0x0000c280                __DTOR_END__ = .
                0x0000c280                . = ALIGN (0x2)
                0x0000c280                _mdata = .

.data           0x000fef00        0xa load address 0x0000c280
                0x000fef00                . = ALIGN (0x2)
                0x000fef00                _data = .
 *(.data)
 .data          0x000fef00        0x0 ./src/r_cg_adc.o
 .data          0x000fef00        0x0 ./src/r_cg_adc_user.o
 .data          0x000fef00        0x0 ./src/r_cg_cgc.o
 .data          0x000fef00        0x0 ./src/r_cg_cgc_user.o
 .data          0x000fef00        0x0 ./src/r_cg_port.o
 .data          0x000fef00        0x0 ./src/r_cg_port_user.o
 .data          0x000fef00        0x0 ./src/r_cg_serial.o
 .data          0x000fef00        0x0 ./src/r_cg_serial_user.o
 .data          0x000fef00        0x0 ./src/r_cg_timer.o
 .data          0x000fef00        0x0 ./src/r_cg_timer_user.o
 .data          0x000fef00        0x0 ./src/r_cg_vector_table.o
 .data          0x000fef00        0x0 ./src/r_hardware_setup.o
 .data          0x000fef00        0x6 ./src/r_main.o
                0x000fef00                transmit
                0x000fef02                oneSec
                0x000fef04                counter
 .data          0x000fef06        0x0 ./src/r_reset_program.o
 .data          0x000fef06        0x0 C:\PROGRA~2\KPIT\GNURL7~1.01-\rl78-ELF/rl78-elf/lib\liboptm.a(log10.o)
 .data          0x000fef06        0x0 C:\PROGRA~2\KPIT\GNURL7~1.01-\rl78-ELF/rl78-elf/lib\liboptm.a(log.o)
 .data          0x000fef06        0x0 C:\PROGRA~2\KPIT\GNURL7~1.01-\rl78-ELF/rl78-elf/lib\liboptm.a(daddexp.o)
 .data          0x000fef06        0x0 C:\PROGRA~2\KPIT\GNURL7~1.01-\rl78-ELF/rl78-elf/lib\liboptm.a(frexp.o)
 .data          0x000fef06        0x0 C:\PROGRA~2\KPIT\GNURL7~1.01-\rl78-ELF/rl78-elf/lib\liboptm.a(dgetexp.o)
 .data          0x000fef06        0x0 C:\PROGRA~2\KPIT\GNURL7~1.01-\rl78-ELF/rl78-elf/lib\liboptm.a(dnormexp.o)
 .data          0x000fef06        0x0 C:\PROGRA~2\KPIT\GNURL7~1.01-\rl78-ELF/rl78-elf/lib\liboptc.a(errno.o)
 .data          0x000fef06        0x0 C:\PROGRA~2\KPIT\GNURL7~1.01-\rl78-ELF/rl78-elf/lib\liboptc.a(newmalloc.o)
 .data          0x000fef06        0x0 C:\PROGRA~2\KPIT\GNURL7~1.01-\rl78-ELF/rl78-elf/lib\liboptc.a(sprintf.o)
 .data          0x000fef06        0x0 C:\PROGRA~2\KPIT\GNURL7~1.01-\rl78-ELF/rl78-elf/lib\liboptc.a(frmwri.o)
 .data          0x000fef06        0x4 C:\PROGRA~2\KPIT\GNURL7~1.01-\rl78-ELF/rl78-elf/lib\liboptc.a(newheap.o)
                0x000fef06                _last_heap_object
                0x000fef08                _heap_of_memory
 .data          0x000fef0a        0x0 C:\PROGRA~2\KPIT\GNURL7~1.01-\rl78-ELF/lib/gcc/rl78-elf/4.8-GNURL78_v14.01\libgcc.a(_addsub_sf.o)
 .data          0x000fef0a        0x0 C:\PROGRA~2\KPIT\GNURL7~1.01-\rl78-ELF/lib/gcc/rl78-elf/4.8-GNURL78_v14.01\libgcc.a(_mul_sf.o)
 .data          0x000fef0a        0x0 C:\PROGRA~2\KPIT\GNURL7~1.01-\rl78-ELF/lib/gcc/rl78-elf/4.8-GNURL78_v14.01\libgcc.a(_div_sf.o)
 .data          0x000fef0a        0x0 C:\PROGRA~2\KPIT\GNURL7~1.01-\rl78-ELF/lib/gcc/rl78-elf/4.8-GNURL78_v14.01\libgcc.a(_eq_sf.o)
 .data          0x000fef0a        0x0 C:\PROGRA~2\KPIT\GNURL7~1.01-\rl78-ELF/lib/gcc/rl78-elf/4.8-GNURL78_v14.01\libgcc.a(_lt_sf.o)
 .data          0x000fef0a        0x0 C:\PROGRA~2\KPIT\GNURL7~1.01-\rl78-ELF/lib/gcc/rl78-elf/4.8-GNURL78_v14.01\libgcc.a(_le_sf.o)
 .data          0x000fef0a        0x0 C:\PROGRA~2\KPIT\GNURL7~1.01-\rl78-ELF/lib/gcc/rl78-elf/4.8-GNURL78_v14.01\libgcc.a(_si_to_sf.o)
 .data          0x000fef0a        0x0 C:\PROGRA~2\KPIT\GNURL7~1.01-\rl78-ELF/lib/gcc/rl78-elf/4.8-GNURL78_v14.01\libgcc.a(_sf_to_si.o)
 .data          0x000fef0a        0x0 C:\PROGRA~2\KPIT\GNURL7~1.01-\rl78-ELF/lib/gcc/rl78-elf/4.8-GNURL78_v14.01\libgcc.a(_sf_to_df.o)
 .data          0x000fef0a        0x0 C:\PROGRA~2\KPIT\GNURL7~1.01-\rl78-ELF/lib/gcc/rl78-elf/4.8-GNURL78_v14.01\libgcc.a(_thenan_sf.o)
 .data          0x000fef0a        0x0 C:\PROGRA~2\KPIT\GNURL7~1.01-\rl78-ELF/lib/gcc/rl78-elf/4.8-GNURL78_v14.01\libgcc.a(_addsub_df.o)
 .data          0x000fef0a        0x0 C:\PROGRA~2\KPIT\GNURL7~1.01-\rl78-ELF/lib/gcc/rl78-elf/4.8-GNURL78_v14.01\libgcc.a(_mul_df.o)
 .data          0x000fef0a        0x0 C:\PROGRA~2\KPIT\GNURL7~1.01-\rl78-ELF/lib/gcc/rl78-elf/4.8-GNURL78_v14.01\libgcc.a(_div_df.o)
 .data          0x000fef0a        0x0 C:\PROGRA~2\KPIT\GNURL7~1.01-\rl78-ELF/lib/gcc/rl78-elf/4.8-GNURL78_v14.01\libgcc.a(_ne_df.o)
 .data          0x000fef0a        0x0 C:\PROGRA~2\KPIT\GNURL7~1.01-\rl78-ELF/lib/gcc/rl78-elf/4.8-GNURL78_v14.01\libgcc.a(_ge_df.o)
 .data          0x000fef0a        0x0 C:\PROGRA~2\KPIT\GNURL7~1.01-\rl78-ELF/lib/gcc/rl78-elf/4.8-GNURL78_v14.01\libgcc.a(_lt_df.o)
 .data          0x000fef0a        0x0 C:\PROGRA~2\KPIT\GNURL7~1.01-\rl78-ELF/lib/gcc/rl78-elf/4.8-GNURL78_v14.01\libgcc.a(_le_df.o)
 .data          0x000fef0a        0x0 C:\PROGRA~2\KPIT\GNURL7~1.01-\rl78-ELF/lib/gcc/rl78-elf/4.8-GNURL78_v14.01\libgcc.a(_si_to_df.o)
 .data          0x000fef0a        0x0 C:\PROGRA~2\KPIT\GNURL7~1.01-\rl78-ELF/lib/gcc/rl78-elf/4.8-GNURL78_v14.01\libgcc.a(_df_to_si.o)
 .data          0x000fef0a        0x0 C:\PROGRA~2\KPIT\GNURL7~1.01-\rl78-ELF/lib/gcc/rl78-elf/4.8-GNURL78_v14.01\libgcc.a(_make_df.o)
 .data          0x000fef0a        0x0 C:\PROGRA~2\KPIT\GNURL7~1.01-\rl78-ELF/lib/gcc/rl78-elf/4.8-GNURL78_v14.01\libgcc.a(_thenan_df.o)
 .data          0x000fef0a        0x0 C:\PROGRA~2\KPIT\GNURL7~1.01-\rl78-ELF/lib/gcc/rl78-elf/4.8-GNURL78_v14.01\libgcc.a(divmodsi.o)
 .data          0x000fef0a        0x0 C:\PROGRA~2\KPIT\GNURL7~1.01-\rl78-ELF/lib/gcc/rl78-elf/4.8-GNURL78_v14.01\libgcc.a(divmodhi.o)
 .data          0x000fef0a        0x0 C:\PROGRA~2\KPIT\GNURL7~1.01-\rl78-ELF/lib/gcc/rl78-elf/4.8-GNURL78_v14.01\libgcc.a(_muldi3.o)
 .data          0x000fef0a        0x0 C:\PROGRA~2\KPIT\GNURL7~1.01-\rl78-ELF/lib/gcc/rl78-elf/4.8-GNURL78_v14.01\libgcc.a(_lshrdi3.o)
 .data          0x000fef0a        0x0 C:\PROGRA~2\KPIT\GNURL7~1.01-\rl78-ELF/lib/gcc/rl78-elf/4.8-GNURL78_v14.01\libgcc.a(_ashldi3.o)
 .data          0x000fef0a        0x0 C:\PROGRA~2\KPIT\GNURL7~1.01-\rl78-ELF/lib/gcc/rl78-elf/4.8-GNURL78_v14.01\libgcc.a(_clzsi2.o)
 .data          0x000fef0a        0x0 C:\PROGRA~2\KPIT\GNURL7~1.01-\rl78-ELF/lib/gcc/rl78-elf/4.8-GNURL78_v14.01\libgcc.a(_pack_sf.o)
 .data          0x000fef0a        0x0 C:\PROGRA~2\KPIT\GNURL7~1.01-\rl78-ELF/lib/gcc/rl78-elf/4.8-GNURL78_v14.01\libgcc.a(_unpack_sf.o)
 .data          0x000fef0a        0x0 C:\PROGRA~2\KPIT\GNURL7~1.01-\rl78-ELF/lib/gcc/rl78-elf/4.8-GNURL78_v14.01\libgcc.a(_fpcmp_parts_sf.o)
 .data          0x000fef0a        0x0 C:\PROGRA~2\KPIT\GNURL7~1.01-\rl78-ELF/lib/gcc/rl78-elf/4.8-GNURL78_v14.01\libgcc.a(_pack_df.o)
 .data          0x000fef0a        0x0 C:\PROGRA~2\KPIT\GNURL7~1.01-\rl78-ELF/lib/gcc/rl78-elf/4.8-GNURL78_v14.01\libgcc.a(_unpack_df.o)
 .data          0x000fef0a        0x0 C:\PROGRA~2\KPIT\GNURL7~1.01-\rl78-ELF/lib/gcc/rl78-elf/4.8-GNURL78_v14.01\libgcc.a(_fpcmp_parts_df.o)
 .data          0x000fef0a        0x0 C:\PROGRA~2\KPIT\GNURL7~1.01-\rl78-ELF/lib/gcc/rl78-elf/4.8-GNURL78_v14.01\libgcc.a(mulsi3.o)
 .data          0x000fef0a        0x0 C:\PROGRA~2\KPIT\GNURL7~1.01-\rl78-ELF/lib/gcc/rl78-elf/4.8-GNURL78_v14.01\libgcc.a(_clz.o)
 *(.data.*)
                0x000fef0a                . = ALIGN (0x2)
                0x000fef0a                _edata = .

.bss            0x000fef0a       0x3a load address 0x0000c28a
                0x000fef0a                . = ALIGN (0x2)
                0x000fef0a                _bss = .
 *(.bss)
 .bss           0x000fef0a        0x0 ./src/r_cg_adc.o
 .bss           0x000fef0a        0x0 ./src/r_cg_adc_user.o
 .bss           0x000fef0a        0x0 ./src/r_cg_cgc.o
 .bss           0x000fef0a        0x0 ./src/r_cg_cgc_user.o
 .bss           0x000fef0a        0x0 ./src/r_cg_port.o
 .bss           0x000fef0a        0x0 ./src/r_cg_port_user.o
 .bss           0x000fef0a        0x0 ./src/r_cg_serial.o
 .bss           0x000fef0a        0x0 ./src/r_cg_serial_user.o
 .bss           0x000fef0a        0x0 ./src/r_cg_timer.o
 .bss           0x000fef0a        0x0 ./src/r_cg_timer_user.o
 .bss           0x000fef0a        0x0 ./src/r_cg_vector_table.o
 .bss           0x000fef0a        0x0 ./src/r_hardware_setup.o
 .bss           0x000fef0a        0x0 ./src/r_main.o
 .bss           0x000fef0a        0x0 ./src/r_reset_program.o
 .bss           0x000fef0a        0x0 C:\PROGRA~2\KPIT\GNURL7~1.01-\rl78-ELF/rl78-elf/lib\liboptm.a(log10.o)
 .bss           0x000fef0a        0x0 C:\PROGRA~2\KPIT\GNURL7~1.01-\rl78-ELF/rl78-elf/lib\liboptm.a(log.o)
 .bss           0x000fef0a        0x0 C:\PROGRA~2\KPIT\GNURL7~1.01-\rl78-ELF/rl78-elf/lib\liboptm.a(daddexp.o)
 .bss           0x000fef0a        0x0 C:\PROGRA~2\KPIT\GNURL7~1.01-\rl78-ELF/rl78-elf/lib\liboptm.a(frexp.o)
 .bss           0x000fef0a        0x0 C:\PROGRA~2\KPIT\GNURL7~1.01-\rl78-ELF/rl78-elf/lib\liboptm.a(dgetexp.o)
 .bss           0x000fef0a        0x0 C:\PROGRA~2\KPIT\GNURL7~1.01-\rl78-ELF/rl78-elf/lib\liboptm.a(dnormexp.o)
 .bss           0x000fef0a        0x0 C:\PROGRA~2\KPIT\GNURL7~1.01-\rl78-ELF/rl78-elf/lib\liboptc.a(errno.o)
 .bss           0x000fef0a        0x0 C:\PROGRA~2\KPIT\GNURL7~1.01-\rl78-ELF/rl78-elf/lib\liboptc.a(newmalloc.o)
 .bss           0x000fef0a        0x0 C:\PROGRA~2\KPIT\GNURL7~1.01-\rl78-ELF/rl78-elf/lib\liboptc.a(sprintf.o)
 .bss           0x000fef0a        0x0 C:\PROGRA~2\KPIT\GNURL7~1.01-\rl78-ELF/rl78-elf/lib\liboptc.a(frmwri.o)
 .bss           0x000fef0a        0x0 C:\PROGRA~2\KPIT\GNURL7~1.01-\rl78-ELF/rl78-elf/lib\liboptc.a(newheap.o)
 .bss           0x000fef0a        0x0 C:\PROGRA~2\KPIT\GNURL7~1.01-\rl78-ELF/lib/gcc/rl78-elf/4.8-GNURL78_v14.01\libgcc.a(_addsub_sf.o)
 .bss           0x000fef0a        0x0 C:\PROGRA~2\KPIT\GNURL7~1.01-\rl78-ELF/lib/gcc/rl78-elf/4.8-GNURL78_v14.01\libgcc.a(_mul_sf.o)
 .bss           0x000fef0a        0x0 C:\PROGRA~2\KPIT\GNURL7~1.01-\rl78-ELF/lib/gcc/rl78-elf/4.8-GNURL78_v14.01\libgcc.a(_div_sf.o)
 .bss           0x000fef0a        0x0 C:\PROGRA~2\KPIT\GNURL7~1.01-\rl78-ELF/lib/gcc/rl78-elf/4.8-GNURL78_v14.01\libgcc.a(_eq_sf.o)
 .bss           0x000fef0a        0x0 C:\PROGRA~2\KPIT\GNURL7~1.01-\rl78-ELF/lib/gcc/rl78-elf/4.8-GNURL78_v14.01\libgcc.a(_lt_sf.o)
 .bss           0x000fef0a        0x0 C:\PROGRA~2\KPIT\GNURL7~1.01-\rl78-ELF/lib/gcc/rl78-elf/4.8-GNURL78_v14.01\libgcc.a(_le_sf.o)
 .bss           0x000fef0a        0x0 C:\PROGRA~2\KPIT\GNURL7~1.01-\rl78-ELF/lib/gcc/rl78-elf/4.8-GNURL78_v14.01\libgcc.a(_si_to_sf.o)
 .bss           0x000fef0a        0x0 C:\PROGRA~2\KPIT\GNURL7~1.01-\rl78-ELF/lib/gcc/rl78-elf/4.8-GNURL78_v14.01\libgcc.a(_sf_to_si.o)
 .bss           0x000fef0a        0x0 C:\PROGRA~2\KPIT\GNURL7~1.01-\rl78-ELF/lib/gcc/rl78-elf/4.8-GNURL78_v14.01\libgcc.a(_sf_to_df.o)
 .bss           0x000fef0a        0x0 C:\PROGRA~2\KPIT\GNURL7~1.01-\rl78-ELF/lib/gcc/rl78-elf/4.8-GNURL78_v14.01\libgcc.a(_thenan_sf.o)
 .bss           0x000fef0a        0x0 C:\PROGRA~2\KPIT\GNURL7~1.01-\rl78-ELF/lib/gcc/rl78-elf/4.8-GNURL78_v14.01\libgcc.a(_addsub_df.o)
 .bss           0x000fef0a        0x0 C:\PROGRA~2\KPIT\GNURL7~1.01-\rl78-ELF/lib/gcc/rl78-elf/4.8-GNURL78_v14.01\libgcc.a(_mul_df.o)
 .bss           0x000fef0a        0x0 C:\PROGRA~2\KPIT\GNURL7~1.01-\rl78-ELF/lib/gcc/rl78-elf/4.8-GNURL78_v14.01\libgcc.a(_div_df.o)
 .bss           0x000fef0a        0x0 C:\PROGRA~2\KPIT\GNURL7~1.01-\rl78-ELF/lib/gcc/rl78-elf/4.8-GNURL78_v14.01\libgcc.a(_ne_df.o)
 .bss           0x000fef0a        0x0 C:\PROGRA~2\KPIT\GNURL7~1.01-\rl78-ELF/lib/gcc/rl78-elf/4.8-GNURL78_v14.01\libgcc.a(_ge_df.o)
 .bss           0x000fef0a        0x0 C:\PROGRA~2\KPIT\GNURL7~1.01-\rl78-ELF/lib/gcc/rl78-elf/4.8-GNURL78_v14.01\libgcc.a(_lt_df.o)
 .bss           0x000fef0a        0x0 C:\PROGRA~2\KPIT\GNURL7~1.01-\rl78-ELF/lib/gcc/rl78-elf/4.8-GNURL78_v14.01\libgcc.a(_le_df.o)
 .bss           0x000fef0a        0x0 C:\PROGRA~2\KPIT\GNURL7~1.01-\rl78-ELF/lib/gcc/rl78-elf/4.8-GNURL78_v14.01\libgcc.a(_si_to_df.o)
 .bss           0x000fef0a        0x0 C:\PROGRA~2\KPIT\GNURL7~1.01-\rl78-ELF/lib/gcc/rl78-elf/4.8-GNURL78_v14.01\libgcc.a(_df_to_si.o)
 .bss           0x000fef0a        0x0 C:\PROGRA~2\KPIT\GNURL7~1.01-\rl78-ELF/lib/gcc/rl78-elf/4.8-GNURL78_v14.01\libgcc.a(_make_df.o)
 .bss           0x000fef0a        0x0 C:\PROGRA~2\KPIT\GNURL7~1.01-\rl78-ELF/lib/gcc/rl78-elf/4.8-GNURL78_v14.01\libgcc.a(_thenan_df.o)
 .bss           0x000fef0a        0x0 C:\PROGRA~2\KPIT\GNURL7~1.01-\rl78-ELF/lib/gcc/rl78-elf/4.8-GNURL78_v14.01\libgcc.a(divmodsi.o)
 .bss           0x000fef0a        0x0 C:\PROGRA~2\KPIT\GNURL7~1.01-\rl78-ELF/lib/gcc/rl78-elf/4.8-GNURL78_v14.01\libgcc.a(divmodhi.o)
 .bss           0x000fef0a        0x0 C:\PROGRA~2\KPIT\GNURL7~1.01-\rl78-ELF/lib/gcc/rl78-elf/4.8-GNURL78_v14.01\libgcc.a(_muldi3.o)
 .bss           0x000fef0a        0x0 C:\PROGRA~2\KPIT\GNURL7~1.01-\rl78-ELF/lib/gcc/rl78-elf/4.8-GNURL78_v14.01\libgcc.a(_lshrdi3.o)
 .bss           0x000fef0a        0x0 C:\PROGRA~2\KPIT\GNURL7~1.01-\rl78-ELF/lib/gcc/rl78-elf/4.8-GNURL78_v14.01\libgcc.a(_ashldi3.o)
 .bss           0x000fef0a        0x0 C:\PROGRA~2\KPIT\GNURL7~1.01-\rl78-ELF/lib/gcc/rl78-elf/4.8-GNURL78_v14.01\libgcc.a(_clzsi2.o)
 .bss           0x000fef0a        0x0 C:\PROGRA~2\KPIT\GNURL7~1.01-\rl78-ELF/lib/gcc/rl78-elf/4.8-GNURL78_v14.01\libgcc.a(_pack_sf.o)
 .bss           0x000fef0a        0x0 C:\PROGRA~2\KPIT\GNURL7~1.01-\rl78-ELF/lib/gcc/rl78-elf/4.8-GNURL78_v14.01\libgcc.a(_unpack_sf.o)
 .bss           0x000fef0a        0x0 C:\PROGRA~2\KPIT\GNURL7~1.01-\rl78-ELF/lib/gcc/rl78-elf/4.8-GNURL78_v14.01\libgcc.a(_fpcmp_parts_sf.o)
 .bss           0x000fef0a        0x0 C:\PROGRA~2\KPIT\GNURL7~1.01-\rl78-ELF/lib/gcc/rl78-elf/4.8-GNURL78_v14.01\libgcc.a(_pack_df.o)
 .bss           0x000fef0a        0x0 C:\PROGRA~2\KPIT\GNURL7~1.01-\rl78-ELF/lib/gcc/rl78-elf/4.8-GNURL78_v14.01\libgcc.a(_unpack_df.o)
 .bss           0x000fef0a        0x0 C:\PROGRA~2\KPIT\GNURL7~1.01-\rl78-ELF/lib/gcc/rl78-elf/4.8-GNURL78_v14.01\libgcc.a(_fpcmp_parts_df.o)
 .bss           0x000fef0a        0x0 C:\PROGRA~2\KPIT\GNURL7~1.01-\rl78-ELF/lib/gcc/rl78-elf/4.8-GNURL78_v14.01\libgcc.a(mulsi3.o)
 .bss           0x000fef0a        0x0 C:\PROGRA~2\KPIT\GNURL7~1.01-\rl78-ELF/lib/gcc/rl78-elf/4.8-GNURL78_v14.01\libgcc.a(_clz.o)
 *(.bss.**)
                0x000fef0a                . = ALIGN (0x2)
 *(COMMON)
 COMMON         0x000fef0a        0xa ./src/r_cg_serial.o
                0x000fef0a                g_uart2_rx_count
                0x000fef0c                gp_uart2_rx_address
                0x000fef0e                g_uart2_tx_count
                0x000fef10                gp_uart2_tx_address
                0x000fef12                g_uart2_rx_length
 COMMON         0x000fef14       0x2d ./src/r_main.o
                0x000fef14                uart2RxErrFlag
                0x000fef15                uart2TxBuf
                0x000fef25                uart2TxFlag
                0x000fef26                uart2RxOvrFlag
                0x000fef28                uart2RxCnt
                0x000fef2a                ADC_Read
                0x000fef2b                adc_done_flag
                0x000fef2c                uart2Status
                0x000fef2e                uart2RxBuf
                0x000fef3e                uart2TxCnt
                0x000fef40                uart2RxFlag
 *fill*         0x000fef41        0x1 
 COMMON         0x000fef42        0x2 C:\PROGRA~2\KPIT\GNURL7~1.01-\rl78-ELF/rl78-elf/lib\liboptc.a(errno.o)
                0x000fef42                errno
                0x000fef44                . = ALIGN (0x2)
                0x000fef44                _ebss = .
                0x000fef44                _end = .

.stack          0x000ffe00        0x0
                0x000ffe00                _stack = .

.option_bytes   0x000000c0        0x4
 *(.option_bytes)
 .option_bytes  0x000000c0        0x4 ./src/r_cg_vector_table.o
                0x000000c0                Option_Bytes

.security_id    0x000000c4        0xa
 *(.security_id)
 .security_id   0x000000c4        0xa ./src/r_cg_vector_table.o
                0x000000c4                Security_Id
LOAD ./src/r_cg_adc.o
LOAD ./src/r_cg_adc_user.o
LOAD ./src/r_cg_cgc.o
LOAD ./src/r_cg_cgc_user.o
LOAD ./src/r_cg_port.o
LOAD ./src/r_cg_port_user.o
LOAD ./src/r_cg_serial.o
LOAD ./src/r_cg_serial_user.o
LOAD ./src/r_cg_timer.o
LOAD ./src/r_cg_timer_user.o
LOAD ./src/r_cg_vector_table.o
LOAD ./src/r_hardware_setup.o
LOAD ./src/r_main.o
LOAD ./src/r_reset_program.o
START GROUP
LOAD C:\PROGRA~2\KPIT\GNURL7~1.01-\rl78-ELF/rl78-elf/lib\liboptm.a
LOAD C:\PROGRA~2\KPIT\GNURL7~1.01-\rl78-ELF/rl78-elf/lib\liboptc.a
LOAD C:\PROGRA~2\KPIT\GNURL7~1.01-\rl78-ELF/lib/gcc/rl78-elf/4.8-GNURL78_v14.01\libgcc.a
END GROUP
OUTPUT(Prac9.x elf32-rl78)

.debug_frame    0x00000000      0x424
 .debug_frame   0x00000000       0x74 ./src/r_cg_adc.o
 .debug_frame   0x00000074       0x40 ./src/r_cg_adc_user.o
 .debug_frame   0x000000b4       0x24 ./src/r_cg_cgc.o
 .debug_frame   0x000000d8       0x2c ./src/r_cg_cgc_user.o
 .debug_frame   0x00000104       0x24 ./src/r_cg_port.o
 .debug_frame   0x00000128       0x94 ./src/r_cg_serial.o
 .debug_frame   0x000001bc      0x104 ./src/r_cg_serial_user.o
 .debug_frame   0x000002c0       0x44 ./src/r_cg_timer.o
 .debug_frame   0x00000304       0x50 ./src/r_cg_timer_user.o
 .debug_frame   0x00000354       0x40 ./src/r_cg_vector_table.o
 .debug_frame   0x00000394       0x3c ./src/r_hardware_setup.o
 .debug_frame   0x000003d0       0x54 ./src/r_main.o

.debug_info     0x00000000     0x14e0
 .debug_info    0x00000000      0x2d5 ./src/r_cg_adc.o
 .debug_info    0x000002d5       0x77 ./src/r_cg_adc_user.o
 .debug_info    0x0000034c      0x133 ./src/r_cg_cgc.o
 .debug_info    0x0000047f       0x7b ./src/r_cg_cgc_user.o
 .debug_info    0x000004fa      0x155 ./src/r_cg_port.o
 .debug_info    0x0000064f       0x48 ./src/r_cg_port_user.o
 .debug_info    0x00000697      0x35c ./src/r_cg_serial.o
 .debug_info    0x000009f3      0x186 ./src/r_cg_serial_user.o
 .debug_info    0x00000b79      0x3af ./src/r_cg_timer.o
 .debug_info    0x00000f28       0x73 ./src/r_cg_timer_user.o
 .debug_info    0x00000f9b      0x108 ./src/r_cg_vector_table.o
 .debug_info    0x000010a3       0x7d ./src/r_hardware_setup.o
 .debug_info    0x00001120      0x300 ./src/r_main.o
 .debug_info    0x00001420       0xc0 ./src/r_reset_program.o

.debug_abbrev   0x00000000      0x7e6
 .debug_abbrev  0x00000000       0xf1 ./src/r_cg_adc.o
 .debug_abbrev  0x000000f1       0x55 ./src/r_cg_adc_user.o
 .debug_abbrev  0x00000146       0x82 ./src/r_cg_cgc.o
 .debug_abbrev  0x000001c8       0x53 ./src/r_cg_cgc_user.o
 .debug_abbrev  0x0000021b       0x82 ./src/r_cg_port.o
 .debug_abbrev  0x0000029d       0x1b ./src/r_cg_port_user.o
 .debug_abbrev  0x000002b8      0x132 ./src/r_cg_serial.o
 .debug_abbrev  0x000003ea       0xcb ./src/r_cg_serial_user.o
 .debug_abbrev  0x000004b5       0xcd ./src/r_cg_timer.o
 .debug_abbrev  0x00000582       0x53 ./src/r_cg_timer_user.o
 .debug_abbrev  0x000005d5       0x7c ./src/r_cg_vector_table.o
 .debug_abbrev  0x00000651       0x5c ./src/r_hardware_setup.o
 .debug_abbrev  0x000006ad      0x125 ./src/r_main.o
 .debug_abbrev  0x000007d2       0x14 ./src/r_reset_program.o

.debug_aranges  0x00000000      0x1b8
 .debug_aranges
                0x00000000       0x20 ./src/r_cg_adc.o
 .debug_aranges
                0x00000020       0x20 ./src/r_cg_adc_user.o
 .debug_aranges
                0x00000040       0x20 ./src/r_cg_cgc.o
 .debug_aranges
                0x00000060       0x20 ./src/r_cg_cgc_user.o
 .debug_aranges
                0x00000080       0x20 ./src/r_cg_port.o
 .debug_aranges
                0x000000a0       0x18 ./src/r_cg_port_user.o
 .debug_aranges
                0x000000b8       0x20 ./src/r_cg_serial.o
 .debug_aranges
                0x000000d8       0x20 ./src/r_cg_serial_user.o
 .debug_aranges
                0x000000f8       0x20 ./src/r_cg_timer.o
 .debug_aranges
                0x00000118       0x20 ./src/r_cg_timer_user.o
 .debug_aranges
                0x00000138       0x20 ./src/r_cg_vector_table.o
 .debug_aranges
                0x00000158       0x20 ./src/r_hardware_setup.o
 .debug_aranges
                0x00000178       0x20 ./src/r_main.o
 .debug_aranges
                0x00000198       0x20 ./src/r_reset_program.o

.debug_line     0x00000000      0x6d7
 .debug_line    0x00000000       0xb3 ./src/r_cg_adc.o
 .debug_line    0x000000b3       0x5e ./src/r_cg_adc_user.o
 .debug_line    0x00000111       0x5c ./src/r_cg_cgc.o
 .debug_line    0x0000016d       0x5e ./src/r_cg_cgc_user.o
 .debug_line    0x000001cb       0x66 ./src/r_cg_port.o
 .debug_line    0x00000231       0x1d ./src/r_cg_port_user.o
 .debug_line    0x0000024e       0xfa ./src/r_cg_serial.o
 .debug_line    0x00000348       0x96 ./src/r_cg_serial_user.o
 .debug_line    0x000003de       0xb2 ./src/r_cg_timer.o
 .debug_line    0x00000490       0x4b ./src/r_cg_timer_user.o
 .debug_line    0x000004db       0x62 ./src/r_cg_vector_table.o
 .debug_line    0x0000053d       0x59 ./src/r_hardware_setup.o
 .debug_line    0x00000596       0xc8 ./src/r_main.o
 .debug_line    0x0000065e       0x79 ./src/r_reset_program.o

.debug_str      0x00000000      0x759
 .debug_str     0x00000000      0x22c ./src/r_cg_adc.o
                                0x262 (size before relaxing)
 .debug_str     0x0000022c       0x35 ./src/r_cg_adc_user.o
                                0x195 (size before relaxing)
 .debug_str     0x00000261       0x2d ./src/r_cg_cgc.o
                                0x18d (size before relaxing)
 .debug_str     0x0000028e       0x38 ./src/r_cg_cgc_user.o
                                0x198 (size before relaxing)
 .debug_str     0x000002c6       0x35 ./src/r_cg_port.o
                                0x195 (size before relaxing)
 .debug_str     0x000002fb       0x18 ./src/r_cg_port_user.o
                                0x170 (size before relaxing)
 .debug_str     0x00000313      0x134 ./src/r_cg_serial.o
                                0x2c5 (size before relaxing)
 .debug_str     0x00000447       0xff ./src/r_cg_serial_user.o
                                0x2c4 (size before relaxing)
 .debug_str     0x00000546       0xa0 ./src/r_cg_timer.o
                                0x24b (size before relaxing)
 .debug_str     0x000005e6       0x3a ./src/r_cg_timer_user.o
                                0x192 (size before relaxing)
 .debug_str     0x00000620       0x55 ./src/r_cg_vector_table.o
                                0x1bd (size before relaxing)
 .debug_str     0x00000675       0x35 ./src/r_hardware_setup.o
                                0x18d (size before relaxing)
 .debug_str     0x000006aa       0xaf ./src/r_main.o
                                0x29c (size before relaxing)

.comment        0x00000000      0x116
 .comment       0x00000000       0x8b ./src/r_cg_adc.o
                                 0x8c (size before relaxing)
 .comment       0x00000000       0x8c ./src/r_cg_adc_user.o
 .comment       0x00000000       0x8c ./src/r_cg_cgc.o
 .comment       0x00000000       0x8c ./src/r_cg_cgc_user.o
 .comment       0x00000000       0x8c ./src/r_cg_port.o
 .comment       0x00000000       0x8c ./src/r_cg_port_user.o
 .comment       0x00000000       0x8c ./src/r_cg_serial.o
 .comment       0x00000000       0x8c ./src/r_cg_serial_user.o
 .comment       0x00000000       0x8c ./src/r_cg_timer.o
 .comment       0x00000000       0x8c ./src/r_cg_timer_user.o
 .comment       0x00000000       0x8c ./src/r_cg_vector_table.o
 .comment       0x00000000       0x8c ./src/r_hardware_setup.o
 .comment       0x00000000       0x8c ./src/r_main.o
 .comment       0x0000008b       0x8b C:\PROGRA~2\KPIT\GNURL7~1.01-\rl78-ELF/rl78-elf/lib\liboptm.a(log10.o)
                                 0x8c (size before relaxing)
 .comment       0x00000000       0x8c C:\PROGRA~2\KPIT\GNURL7~1.01-\rl78-ELF/rl78-elf/lib\liboptm.a(log.o)
 .comment       0x00000000       0x8c C:\PROGRA~2\KPIT\GNURL7~1.01-\rl78-ELF/rl78-elf/lib\liboptm.a(daddexp.o)
 .comment       0x00000000       0x8c C:\PROGRA~2\KPIT\GNURL7~1.01-\rl78-ELF/rl78-elf/lib\liboptm.a(frexp.o)
 .comment       0x00000000       0x8c C:\PROGRA~2\KPIT\GNURL7~1.01-\rl78-ELF/rl78-elf/lib\liboptm.a(dgetexp.o)
 .comment       0x00000000       0x8c C:\PROGRA~2\KPIT\GNURL7~1.01-\rl78-ELF/rl78-elf/lib\liboptm.a(dnormexp.o)
 .comment       0x00000000       0x8c C:\PROGRA~2\KPIT\GNURL7~1.01-\rl78-ELF/rl78-elf/lib\liboptc.a(errno.o)
 .comment       0x00000000       0x8c C:\PROGRA~2\KPIT\GNURL7~1.01-\rl78-ELF/rl78-elf/lib\liboptc.a(newmalloc.o)
 .comment       0x00000000       0x8c C:\PROGRA~2\KPIT\GNURL7~1.01-\rl78-ELF/rl78-elf/lib\liboptc.a(sprintf.o)
 .comment       0x00000000       0x8c C:\PROGRA~2\KPIT\GNURL7~1.01-\rl78-ELF/rl78-elf/lib\liboptc.a(frmwri.o)
 .comment       0x00000000       0x8c C:\PROGRA~2\KPIT\GNURL7~1.01-\rl78-ELF/rl78-elf/lib\liboptc.a(newheap.o)
 .comment       0x00000000       0x8c C:\PROGRA~2\KPIT\GNURL7~1.01-\rl78-ELF/lib/gcc/rl78-elf/4.8-GNURL78_v14.01\libgcc.a(_addsub_sf.o)
 .comment       0x00000000       0x8c C:\PROGRA~2\KPIT\GNURL7~1.01-\rl78-ELF/lib/gcc/rl78-elf/4.8-GNURL78_v14.01\libgcc.a(_mul_sf.o)
 .comment       0x00000000       0x8c C:\PROGRA~2\KPIT\GNURL7~1.01-\rl78-ELF/lib/gcc/rl78-elf/4.8-GNURL78_v14.01\libgcc.a(_div_sf.o)
 .comment       0x00000000       0x8c C:\PROGRA~2\KPIT\GNURL7~1.01-\rl78-ELF/lib/gcc/rl78-elf/4.8-GNURL78_v14.01\libgcc.a(_eq_sf.o)
 .comment       0x00000000       0x8c C:\PROGRA~2\KPIT\GNURL7~1.01-\rl78-ELF/lib/gcc/rl78-elf/4.8-GNURL78_v14.01\libgcc.a(_lt_sf.o)
 .comment       0x00000000       0x8c C:\PROGRA~2\KPIT\GNURL7~1.01-\rl78-ELF/lib/gcc/rl78-elf/4.8-GNURL78_v14.01\libgcc.a(_le_sf.o)
 .comment       0x00000000       0x8c C:\PROGRA~2\KPIT\GNURL7~1.01-\rl78-ELF/lib/gcc/rl78-elf/4.8-GNURL78_v14.01\libgcc.a(_si_to_sf.o)
 .comment       0x00000000       0x8c C:\PROGRA~2\KPIT\GNURL7~1.01-\rl78-ELF/lib/gcc/rl78-elf/4.8-GNURL78_v14.01\libgcc.a(_sf_to_si.o)
 .comment       0x00000000       0x8c C:\PROGRA~2\KPIT\GNURL7~1.01-\rl78-ELF/lib/gcc/rl78-elf/4.8-GNURL78_v14.01\libgcc.a(_sf_to_df.o)
 .comment       0x00000000       0x8c C:\PROGRA~2\KPIT\GNURL7~1.01-\rl78-ELF/lib/gcc/rl78-elf/4.8-GNURL78_v14.01\libgcc.a(_thenan_sf.o)
 .comment       0x00000000       0x8c C:\PROGRA~2\KPIT\GNURL7~1.01-\rl78-ELF/lib/gcc/rl78-elf/4.8-GNURL78_v14.01\libgcc.a(_addsub_df.o)
 .comment       0x00000000       0x8c C:\PROGRA~2\KPIT\GNURL7~1.01-\rl78-ELF/lib/gcc/rl78-elf/4.8-GNURL78_v14.01\libgcc.a(_mul_df.o)
 .comment       0x00000000       0x8c C:\PROGRA~2\KPIT\GNURL7~1.01-\rl78-ELF/lib/gcc/rl78-elf/4.8-GNURL78_v14.01\libgcc.a(_div_df.o)
 .comment       0x00000000       0x8c C:\PROGRA~2\KPIT\GNURL7~1.01-\rl78-ELF/lib/gcc/rl78-elf/4.8-GNURL78_v14.01\libgcc.a(_ne_df.o)
 .comment       0x00000000       0x8c C:\PROGRA~2\KPIT\GNURL7~1.01-\rl78-ELF/lib/gcc/rl78-elf/4.8-GNURL78_v14.01\libgcc.a(_ge_df.o)
 .comment       0x00000000       0x8c C:\PROGRA~2\KPIT\GNURL7~1.01-\rl78-ELF/lib/gcc/rl78-elf/4.8-GNURL78_v14.01\libgcc.a(_lt_df.o)
 .comment       0x00000000       0x8c C:\PROGRA~2\KPIT\GNURL7~1.01-\rl78-ELF/lib/gcc/rl78-elf/4.8-GNURL78_v14.01\libgcc.a(_le_df.o)
 .comment       0x00000000       0x8c C:\PROGRA~2\KPIT\GNURL7~1.01-\rl78-ELF/lib/gcc/rl78-elf/4.8-GNURL78_v14.01\libgcc.a(_si_to_df.o)
 .comment       0x00000000       0x8c C:\PROGRA~2\KPIT\GNURL7~1.01-\rl78-ELF/lib/gcc/rl78-elf/4.8-GNURL78_v14.01\libgcc.a(_df_to_si.o)
 .comment       0x00000000       0x8c C:\PROGRA~2\KPIT\GNURL7~1.01-\rl78-ELF/lib/gcc/rl78-elf/4.8-GNURL78_v14.01\libgcc.a(_make_df.o)
 .comment       0x00000000       0x8c C:\PROGRA~2\KPIT\GNURL7~1.01-\rl78-ELF/lib/gcc/rl78-elf/4.8-GNURL78_v14.01\libgcc.a(_thenan_df.o)
 .comment       0x00000000       0x8c C:\PROGRA~2\KPIT\GNURL7~1.01-\rl78-ELF/lib/gcc/rl78-elf/4.8-GNURL78_v14.01\libgcc.a(_muldi3.o)
 .comment       0x00000000       0x8c C:\PROGRA~2\KPIT\GNURL7~1.01-\rl78-ELF/lib/gcc/rl78-elf/4.8-GNURL78_v14.01\libgcc.a(_lshrdi3.o)
 .comment       0x00000000       0x8c C:\PROGRA~2\KPIT\GNURL7~1.01-\rl78-ELF/lib/gcc/rl78-elf/4.8-GNURL78_v14.01\libgcc.a(_ashldi3.o)
 .comment       0x00000000       0x8c C:\PROGRA~2\KPIT\GNURL7~1.01-\rl78-ELF/lib/gcc/rl78-elf/4.8-GNURL78_v14.01\libgcc.a(_clzsi2.o)
 .comment       0x00000000       0x8c C:\PROGRA~2\KPIT\GNURL7~1.01-\rl78-ELF/lib/gcc/rl78-elf/4.8-GNURL78_v14.01\libgcc.a(_pack_sf.o)
 .comment       0x00000000       0x8c C:\PROGRA~2\KPIT\GNURL7~1.01-\rl78-ELF/lib/gcc/rl78-elf/4.8-GNURL78_v14.01\libgcc.a(_unpack_sf.o)
 .comment       0x00000000       0x8c C:\PROGRA~2\KPIT\GNURL7~1.01-\rl78-ELF/lib/gcc/rl78-elf/4.8-GNURL78_v14.01\libgcc.a(_fpcmp_parts_sf.o)
 .comment       0x00000000       0x8c C:\PROGRA~2\KPIT\GNURL7~1.01-\rl78-ELF/lib/gcc/rl78-elf/4.8-GNURL78_v14.01\libgcc.a(_pack_df.o)
 .comment       0x00000000       0x8c C:\PROGRA~2\KPIT\GNURL7~1.01-\rl78-ELF/lib/gcc/rl78-elf/4.8-GNURL78_v14.01\libgcc.a(_unpack_df.o)
 .comment       0x00000000       0x8c C:\PROGRA~2\KPIT\GNURL7~1.01-\rl78-ELF/lib/gcc/rl78-elf/4.8-GNURL78_v14.01\libgcc.a(_fpcmp_parts_df.o)
 .comment       0x00000000       0x8c C:\PROGRA~2\KPIT\GNURL7~1.01-\rl78-ELF/lib/gcc/rl78-elf/4.8-GNURL78_v14.01\libgcc.a(_clz.o)
